MPLINK 4.1, Linker
Linker Map File - Created Tue Jun 06 10:32:32 2023

                                 Section Info
                  Section       Type    Address   Location Size(Bytes)
                ---------  ---------  ---------  ---------  ---------
               _entry_scn       code   0x000000    program   0x000006
    HIGH_INTERRUPT_VECTOR       code   0x000008    program   0x000006
     LOW_INTERRUPT_VECTOR       code   0x000018    program   0x000006
    REMAPPED_RESET_VECTOR       code   0x000800    program   0x000006
           .code___init.o       code   0x000806    program   0x000002
REMAPPED_HIGH_INTERRUPT_VECTOR       code   0x000808    program   0x000006
       .idata_service.o_i    romdata   0x00080e    program   0x000002
       .idata_i2c_lcd.o_i    romdata   0x000810    program   0x000001
REMAPPED_LOW_INTERRUPT_VECTOR       code   0x000818    program   0x000006
                   .cinit    romdata   0x00081e    program   0x00003e
          .code_service.o       code   0x00085c    program   0x0020f2
        .code_Functions.o       code   0x00294e    program   0x00146c
          .code_i2c_lcd.o       code   0x003dba    program   0x000f04
          .code_SBC_Rpi.o       code   0x004cbe    program   0x000cb4
         .code_Main_PCR.o       code   0x005972    program   0x0008e6
             .stringtable    romdata   0x006258    program   0x00031c
                     PROG       code   0x006574    program   0x0002d2
               _cinit_scn       code   0x006846    program   0x00009e
          .code_fxm3232.o       code   0x0068e4    program   0x000070
         .code_fxd3232u.o       code   0x006954    program   0x000048
       .romdata_service.o    romdata   0x00699c    program   0x000034
         .code_fxd1616u.o       code   0x0069d0    program   0x00002c
              D1KTCYXCODE       code   0x0069fc    program   0x000020
             _startup_scn       code   0x006a1c    program   0x00001c
         .code_fxd0808u.o       code   0x006a38    program   0x00001c
              D10TCYXCODE       code   0x006a54    program   0x000016
       .idata_SBC_Rpi.o_i    romdata   0x006a6a    program   0x000009
      .idata_Main_PCR.o_i    romdata   0x006a73    program   0x000019
     .idata_Functions.o_i    romdata   0x006a8c    program   0x00004a
.config_300000_Main_PCR.o    romdata   0x300000    program   0x000001
.config_300001_Main_PCR.o    romdata   0x300001    program   0x000001
.config_300002_Main_PCR.o    romdata   0x300002    program   0x000001
.config_300003_Main_PCR.o    romdata   0x300003    program   0x000001
.config_300005_Main_PCR.o    romdata   0x300005    program   0x000001
.config_300006_Main_PCR.o    romdata   0x300006    program   0x000001
.config_300008_Main_PCR.o    romdata   0x300008    program   0x000001
.config_300009_Main_PCR.o    romdata   0x300009    program   0x000001
.config_30000a_Main_PCR.o    romdata   0x30000a    program   0x000001
.config_30000b_Main_PCR.o    romdata   0x30000b    program   0x000001
.config_30000c_Main_PCR.o    romdata   0x30000c    program   0x000001
.config_30000d_Main_PCR.o    romdata   0x30000d    program   0x000001
               dataEEPROM    romdata   0xf00000    program   0x000003
                MATH_DATA      udata   0x000000       data   0x000014
                 .tmpdata      udata   0x000014       data   0x00000c
                DELAYDAT1      udata   0x000020       data   0x000001
       .idata_Functions.o      idata   0x000060       data   0x00004a
        .idata_Main_PCR.o      idata   0x0000aa       data   0x000019
       .udata_Functions.o      udata   0x0000c3       data   0x00000b
           .udata_c018i.o      udata   0x0000ce       data   0x00000a
         .idata_SBC_Rpi.o      idata   0x0000d8       data   0x000009
         .udata_SBC_Rpi.o      udata   0x0000e1       data   0x000003
         .udata_i2c_lcd.o      udata   0x0000e4       data   0x000002
        .udata_Main_PCR.o      udata   0x0000e6       data   0x000002
         .idata_service.o      idata   0x0000e8       data   0x000002
         .idata_i2c_lcd.o      idata   0x0000ea       data   0x000001
                   .stack      udata   0x000300       data   0x000100
            SFR_UNBANKED0      udata   0x000f62       data   0x00009e



                              Program Memory Usage 
                               Start         End      
                           ---------   ---------      
                            0x000000    0x000005      
                            0x000008    0x00000d      
                            0x000018    0x00001d      
                            0x000800    0x000810      
                            0x000818    0x006ad5      
                            0x300000    0x300003      
                            0x300005    0x300006      
                            0x300008    0x30000d      
                            0xf00000    0xf00002      
            25328 out of 31042 program addresses used, program memory utilization is 81%



                              Symbols - Sorted by Name
                     Name    Address   Location    Storage File                     
                ---------  ---------  ---------  --------- ---------                
                 ADC_Init   0x002d1c    program     extern G:\OLD PC C DRIVE\SALMAN_C\Desktop\ScannerJigV3\ACTJv20(RJSR)\Functions.c
                 ADC_Read   0x002d28    program     extern G:\OLD PC C DRIVE\SALMAN_C\Desktop\ScannerJigV3\ACTJv20(RJSR)\Functions.c
                    D10_1   0x006a64    program     static C:\MCC18\SRC\TRADIT~1\DELAYS\d10tcyx.asm
                     D10x   0x006a5c    program     static C:\MCC18\SRC\TRADIT~1\DELAYS\d10tcyx.asm
                   D1616S   0x006666    program     static C:\MCC18\SRC\TRADIT~1\MATH\fxd1616s.asm
                D1616SNEG   0x006674    program     static C:\MCC18\SRC\TRADIT~1\MATH\fxd1616s.asm
                 D1616SOK   0x006670    program     static C:\MCC18\SRC\TRADIT~1\MATH\fxd1616s.asm
                  D1616SX   0x006686    program     static C:\MCC18\SRC\TRADIT~1\MATH\fxd1616s.asm
                    D1K_1   0x006a08    program     static C:\MCC18\SRC\TRADIT~1\DELAYS\d1ktcyx.asm
                     D1Kx   0x006a06    program     static C:\MCC18\SRC\TRADIT~1\DELAYS\d1ktcyx.asm
                  DA1616S   0x006656    program     static C:\MCC18\SRC\TRADIT~1\MATH\fxd1616s.asm
              DELAY_100mS   0x002b7a    program     extern G:\OLD PC C DRIVE\SALMAN_C\Desktop\ScannerJigV3\ACTJv20(RJSR)\Functions.c
               DELAY_10mS   0x0029d2    program     extern G:\OLD PC C DRIVE\SALMAN_C\Desktop\ScannerJigV3\ACTJv20(RJSR)\Functions.c
                 DELAY_1S   0x002a3c    program     extern G:\OLD PC C DRIVE\SALMAN_C\Desktop\ScannerJigV3\ACTJv20(RJSR)\Functions.c
                DELAY_1mS   0x002c4c    program     extern G:\OLD PC C DRIVE\SALMAN_C\Desktop\ScannerJigV3\ACTJv20(RJSR)\Functions.c
              DELAY_250mS   0x002b10    program     extern G:\OLD PC C DRIVE\SALMAN_C\Desktop\ScannerJigV3\ACTJv20(RJSR)\Functions.c
                DELAY_2mS   0x002cb4    program     extern G:\OLD PC C DRIVE\SALMAN_C\Desktop\ScannerJigV3\ACTJv20(RJSR)\Functions.c
              DELAY_500mS   0x002aa6    program     extern G:\OLD PC C DRIVE\SALMAN_C\Desktop\ScannerJigV3\ACTJv20(RJSR)\Functions.c
               DELAY_50mS   0x002be4    program     extern G:\OLD PC C DRIVE\SALMAN_C\Desktop\ScannerJigV3\ACTJv20(RJSR)\Functions.c
              Delay10TCYx   0x006a54    program     extern C:\MCC18\SRC\TRADIT~1\DELAYS\d10tcyx.asm
              Delay1KTCYx   0x0069fc    program     extern C:\MCC18\SRC\TRADIT~1\DELAYS\d1ktcyx.asm
                 DelayCal   0x00085c    program     extern G:\OLD PC C DRIVE\SALMAN_C\Desktop\ScannerJigV3\ACTJv20(RJSR)\service.c
         DisplayCatNotDet   0x00470c    program     extern G:\OLD PC C DRIVE\SALMAN_C\Desktop\ScannerJigV3\ACTJv20(RJSR)\i2c_lcd.c
          DisplayPressure   0x003a58    program     extern G:\OLD PC C DRIVE\SALMAN_C\Desktop\ScannerJigV3\ACTJv20(RJSR)\Functions.c
        DisplayStackEmpty   0x0047f0    program     extern G:\OLD PC C DRIVE\SALMAN_C\Desktop\ScannerJigV3\ACTJv20(RJSR)\i2c_lcd.c
           Expander_Write   0x00495e    program     extern G:\OLD PC C DRIVE\SALMAN_C\Desktop\ScannerJigV3\ACTJv20(RJSR)\i2c_lcd.c
                 FLO1632S   0x006578    program     extern C:\MCC18\SRC\TRADIT~1\MATH\cast16FP.asm
                 FLO1632U   0x006574    program     extern C:\MCC18\SRC\TRADIT~1\MATH\cast16FP.asm
                    FPD32   0x00659e    program     extern C:\MCC18\SRC\TRADIT~1\MATH\divFP.asm
                 FXD0808U   0x006a38    program     extern C:\MCC18\src\TRADIT~1\math\fxd0808u.c
                 FXD1616S   0x006644    program     extern C:\MCC18\SRC\TRADIT~1\MATH\fxd1616s.asm
                 FXD1616U   0x0069d0    program     extern C:\MCC18\src\TRADIT~1\math\fxd1616u.c
                 FXD3232U   0x006954    program     extern C:\MCC18\src\TRADIT~1\math\fxd3232u.c
                 FXM1616U   0x006690    program     extern C:\MCC18\SRC\TRADIT~1\MATH\fxm1616u.asm
                  FXM3232   0x0068e4    program     extern C:\MCC18\src\TRADIT~1\math\fxm3232.c
                FirstByte   0xf00000    program     extern G:\OLD PC C DRIVE\SALMAN_C\Desktop\ScannerJigV3\ACTJv20(RJSR)\Main_PCR.c
                 High_ISR   0x000008    program     extern G:\OLD PC C DRIVE\SALMAN_C\Desktop\ScannerJigV3\ACTJv20(RJSR)\Main_PCR.c
                I2C_Init1   0x0048e2    program     extern G:\OLD PC C DRIVE\SALMAN_C\Desktop\ScannerJigV3\ACTJv20(RJSR)\i2c_lcd.c
                I2C_Ready   0x00490c    program     extern G:\OLD PC C DRIVE\SALMAN_C\Desktop\ScannerJigV3\ACTJv20(RJSR)\i2c_lcd.c
                I2C_Start   0x004922    program     extern G:\OLD PC C DRIVE\SALMAN_C\Desktop\ScannerJigV3\ACTJv20(RJSR)\i2c_lcd.c
                 I2C_Stop   0x00493a    program     extern G:\OLD PC C DRIVE\SALMAN_C\Desktop\ScannerJigV3\ACTJv20(RJSR)\i2c_lcd.c
                I2C_Write   0x004946    program     extern G:\OLD PC C DRIVE\SALMAN_C\Desktop\ScannerJigV3\ACTJv20(RJSR)\i2c_lcd.c
                  INT3232   0x0066cc    program     extern C:\MCC18\SRC\TRADIT~1\MATH\castFP32.asm
            Init_PowerInt   0x003a4c    program     extern G:\OLD PC C DRIVE\SALMAN_C\Desktop\ScannerJigV3\ACTJv20(RJSR)\Functions.c
            Init_UART_RPi   0x0057fc    program     extern G:\OLD PC C DRIVE\SALMAN_C\Desktop\ScannerJigV3\ACTJv20(RJSR)\SBC_Rpi.c
                LCD_Begin   0x004c3e    program     extern G:\OLD PC C DRIVE\SALMAN_C\Desktop\ScannerJigV3\ACTJv20(RJSR)\i2c_lcd.c
                  LCD_Cmd   0x0049ea    program     extern G:\OLD PC C DRIVE\SALMAN_C\Desktop\ScannerJigV3\ACTJv20(RJSR)\i2c_lcd.c
                 LCD_Goto   0x004a2e    program     extern G:\OLD PC C DRIVE\SALMAN_C\Desktop\ScannerJigV3\ACTJv20(RJSR)\i2c_lcd.c
                LCD_Print   0x004a66    program     extern G:\OLD PC C DRIVE\SALMAN_C\Desktop\ScannerJigV3\ACTJv20(RJSR)\i2c_lcd.c
         LCD_Print_rammem   0x004bbc    program     extern G:\OLD PC C DRIVE\SALMAN_C\Desktop\ScannerJigV3\ACTJv20(RJSR)\i2c_lcd.c
          LCD_Print_space   0x004aee    program     extern G:\OLD PC C DRIVE\SALMAN_C\Desktop\ScannerJigV3\ACTJv20(RJSR)\i2c_lcd.c
         LCD_Write_Nibble   0x004988    program     extern G:\OLD PC C DRIVE\SALMAN_C\Desktop\ScannerJigV3\ACTJv20(RJSR)\i2c_lcd.c
                       LL   0x000920    program     static                          
                  Low_ISR   0x000018    program     extern G:\OLD PC C DRIVE\SALMAN_C\Desktop\ScannerJigV3\ACTJv20(RJSR)\Main_PCR.c
                LtNzlFail   0x0069c4    program     extern G:\OLD PC C DRIVE\SALMAN_C\Desktop\ScannerJigV3\ACTJv20(RJSR)\service.c
             Password_set   0x0008d2    program     extern G:\OLD PC C DRIVE\SALMAN_C\Desktop\ScannerJigV3\ACTJv20(RJSR)\service.c
        Remapped_High_ISR   0x000808    program     extern G:\OLD PC C DRIVE\SALMAN_C\Desktop\ScannerJigV3\ACTJv20(RJSR)\Main_PCR.c
         Remapped_Low_ISR   0x000818    program     extern G:\OLD PC C DRIVE\SALMAN_C\Desktop\ScannerJigV3\ACTJv20(RJSR)\Main_PCR.c
                RtNzlFail   0x0069b8    program     extern G:\OLD PC C DRIVE\SALMAN_C\Desktop\ScannerJigV3\ACTJv20(RJSR)\service.c
          RtryValve_1_ACW   0x002f20    program     extern G:\OLD PC C DRIVE\SALMAN_C\Desktop\ScannerJigV3\ACTJv20(RJSR)\Functions.c
       RtryValve_1_ACW_HF   0x003468    program     extern G:\OLD PC C DRIVE\SALMAN_C\Desktop\ScannerJigV3\ACTJv20(RJSR)\Functions.c
           RtryValve_1_CW   0x003066    program     extern G:\OLD PC C DRIVE\SALMAN_C\Desktop\ScannerJigV3\ACTJv20(RJSR)\Functions.c
        RtryValve_1_CW_HF   0x0034c0    program     extern G:\OLD PC C DRIVE\SALMAN_C\Desktop\ScannerJigV3\ACTJv20(RJSR)\Functions.c
           RtryValve_1_FT   0x003522    program     extern G:\OLD PC C DRIVE\SALMAN_C\Desktop\ScannerJigV3\ACTJv20(RJSR)\Functions.c
          RtryValve_2_ACW   0x0031ba    program     extern G:\OLD PC C DRIVE\SALMAN_C\Desktop\ScannerJigV3\ACTJv20(RJSR)\Functions.c
           RtryValve_2_CW   0x00330a    program     extern G:\OLD PC C DRIVE\SALMAN_C\Desktop\ScannerJigV3\ACTJv20(RJSR)\Functions.c
           RtryValve_2_FT   0x00375e    program     extern G:\OLD PC C DRIVE\SALMAN_C\Desktop\ScannerJigV3\ACTJv20(RJSR)\Functions.c
             SBC_UARTInit   0x004cbe    program     extern G:\OLD PC C DRIVE\SALMAN_C\Desktop\ScannerJigV3\ACTJv20(RJSR)\SBC_Rpi.c
           Step_1Sec_Clk2   0x0039ac    program     extern G:\OLD PC C DRIVE\SALMAN_C\Desktop\ScannerJigV3\ACTJv20(RJSR)\Functions.c
           Step_1Sec_Clk4   0x0039f8    program     extern G:\OLD PC C DRIVE\SALMAN_C\Desktop\ScannerJigV3\ACTJv20(RJSR)\Functions.c
              Tower_Write   0x00295e    program     extern G:\OLD PC C DRIVE\SALMAN_C\Desktop\ScannerJigV3\ACTJv20(RJSR)\Functions.c
               VacuumTest   0x006200    program     extern G:\OLD PC C DRIVE\SALMAN_C\Desktop\ScannerJigV3\ACTJv20(RJSR)\Main_PCR.c
                ValveTest   0x0061ee    program     extern G:\OLD PC C DRIVE\SALMAN_C\Desktop\ScannerJigV3\ACTJv20(RJSR)\Main_PCR.c
  YourHighPriorityISRCode   0x005972    program     extern G:\OLD PC C DRIVE\SALMAN_C\Desktop\ScannerJigV3\ACTJv20(RJSR)\Main_PCR.c
   YourLowPriorityISRCode   0x005acc    program     extern G:\OLD PC C DRIVE\SALMAN_C\Desktop\ScannerJigV3\ACTJv20(RJSR)\Main_PCR.c
        _D10TCYXCODE_000A   0x006a5e    program     static C:\MCC18\SRC\TRADIT~1\DELAYS\d10tcyx.asm
        _D10TCYXCODE_000C   0x006a60    program     static C:\MCC18\SRC\TRADIT~1\DELAYS\d10tcyx.asm
        _D10TCYXCODE_000E   0x006a62    program     static C:\MCC18\SRC\TRADIT~1\DELAYS\d10tcyx.asm
        _D1KTCYXCODE_0010   0x006a0c    program     static C:\MCC18\SRC\TRADIT~1\DELAYS\d1ktcyx.asm
        _D1KTCYXCODE_0016   0x006a12    program     static C:\MCC18\SRC\TRADIT~1\DELAYS\d1ktcyx.asm
                 __FpExit   0x006746    program     extern C:\MCC18\SRC\TRADIT~1\MATH\packFP.asm
                 __FpPack   0x006772    program     extern C:\MCC18\SRC\TRADIT~1\MATH\packFP.asm
            __FpReturnNaN   0x00673a    program     extern C:\MCC18\SRC\TRADIT~1\MATH\packFP.asm
         __FpReturnNegInf   0x00674c    program     extern C:\MCC18\SRC\TRADIT~1\MATH\packFP.asm
        __FpReturnNegZero   0x006764    program     extern C:\MCC18\SRC\TRADIT~1\MATH\packFP.asm
         __FpReturnPosInf   0x006752    program     extern C:\MCC18\SRC\TRADIT~1\MATH\packFP.asm
        __FpReturnPosZero   0x00676c    program     extern C:\MCC18\SRC\TRADIT~1\MATH\packFP.asm
        __FpReturnSignInf   0x006748    program     extern C:\MCC18\SRC\TRADIT~1\MATH\packFP.asm
       __FpReturnSignZero   0x006760    program     extern C:\MCC18\SRC\TRADIT~1\MATH\packFP.asm
              __FpReturnW   0x0067ca    program     extern C:\MCC18\SRC\TRADIT~1\MATH\packFP.asm
              __FpUnPackA   0x0067ea    program     extern C:\MCC18\SRC\TRADIT~1\MATH\UnpackFP.asm
              __FpUnPackB   0x00681a    program     extern C:\MCC18\SRC\TRADIT~1\MATH\UnpackFP.asm
       ___case_0_lbl00068   0x002d90    program     static                          
       ___case_1_lbl00021   0x000bb4    program     static                          
       ___case_1_lbl00031   0x000d10    program     static                          
       ___case_1_lbl00069   0x002d96    program     static                          
       ___case_2_lbl00022   0x000bdc    program     static                          
       ___case_2_lbl00032   0x000d38    program     static                          
       ___case_2_lbl00070   0x002d9c    program     static                          
       ___case_3_lbl00023   0x000c04    program     static                          
       ___case_3_lbl00033   0x000d60    program     static                          
       ___case_3_lbl00071   0x002da2    program     static                          
       ___case_4_lbl00024   0x000c2c    program     static                          
       ___case_4_lbl00034   0x000d88    program     static                          
       ___case_4_lbl00072   0x002da8    program     static                          
      ___default_lbl00025   0x000c54    program     static                          
      ___default_lbl00035   0x000db0    program     static                          
           ___do_lbl00008   0x000e60    program     static                          
           ___do_lbl00009   0x000e66    program     static                          
           ___do_lbl00010   0x000a58    program     static                          
           ___do_lbl00011   0x000a60    program     static                          
           ___do_lbl00012   0x000a4c    program     static                          
           ___do_lbl00017   0x000b96    program     static                          
           ___do_lbl00018   0x000b9e    program     static                          
           ___do_lbl00019   0x000b8a    program     static                          
           ___do_lbl00027   0x000cf2    program     static                          
           ___do_lbl00028   0x000cfa    program     static                          
           ___do_lbl00029   0x000ce6    program     static                          
           ___do_lbl00036   0x000e56    program     static                          
           ___do_lbl00037   0x000e5e    program     static                          
           ___do_lbl00038   0x000e4a    program     static                          
           ___do_lbl00046   0x000a10    program     static                          
         ___else_lbl00014   0x000b1c    program     static                          
         ___else_lbl00041   0x000e20    program     static                          
         ___else_lbl00043   0x000cc4    program     static                          
         ___else_lbl00045   0x000b5c    program     static                          
          ___for_lbl00110   0x00349e    program     static                          
          ___for_lbl00111   0x0034a8    program     static                          
          ___for_lbl00112   0x003488    program     static                          
          ___for_lbl00114   0x003500    program     static                          
          ___for_lbl00115   0x00350a    program     static                          
          ___for_lbl00116   0x0034e0    program     static                          
           ___if_lbl00006   0x0059fa    program     static                          
           ___if_lbl00009   0x005a4c    program     static                          
           ___if_lbl00012   0x005a76    program     static                          
           ___if_lbl00013   0x000b4a    program     static                          
           ___if_lbl00013   0x005a7a    program     static                          
           ___if_lbl00014   0x005a7a    program     static                          
           ___if_lbl00015   0x005a7a    program     static                          
           ___if_lbl00015   0x000b4a    program     static                          
           ___if_lbl00016   0x005a7c    program     static                          
           ___if_lbl00016   0x000b8a    program     static                          
           ___if_lbl00022   0x005b50    program     static                          
           ___if_lbl00026   0x000ce6    program     static                          
           ___if_lbl00039   0x000e60    program     static                          
           ___if_lbl00040   0x000e60    program     static                          
           ___if_lbl00042   0x000e60    program     static                          
           ___if_lbl00044   0x000e60    program     static                          
           ___if_lbl00098   0x001b54    program     static                          
           ___if_lbl00099   0x001b92    program     static                          
           ___if_lbl00100   0x001b92    program     static                          
       ___return_lbl00000   0x000004    program     static                          
       ___return_lbl00000   0x006952    program     static                          
       ___return_lbl00000   0x00699a    program     static                          
       ___return_lbl00000   0x000804    program     static                          
       ___return_lbl00000   0x006a52    program     static                          
       ___return_lbl00000   0x0069fa    program     static                          
       ___return_lbl00001   0x006a36    program     static                          
       ___return_lbl00001   0x00080c    program     static                          
       ___return_lbl00002   0x0068e2    program     static                          
       ___return_lbl00002   0x00081c    program     static                          
       ___return_lbl00003   0x00000c    program     static                          
       ___return_lbl00004   0x00001c    program     static                          
       ___return_lbl00005   0x005a7c    program     static                          
       ___return_lbl00007   0x000e68    program     static                          
       ___return_lbl00018   0x005b50    program     static                          
       ___return_lbl00066   0x002f0c    program     static                          
       ___return_lbl00096   0x001b92    program     static                          
       ___return_lbl00109   0x0034ac    program     static                          
       ___return_lbl00113   0x00350e    program     static                          
       ___return_lbl00204   0x00293a    program     static                          
   ___switchexit_lbl00020   0x000c60    program     static                          
   ___switchexit_lbl00030   0x000dbc    program     static                          
   ___switchexit_lbl00067   0x002dae    program     static                          
        ___while_lbl00007   0x005a3a    program     static                          
        ___while_lbl00008   0x005a4e    program     static                          
        ___while_lbl00010   0x005a62    program     static                          
        ___while_lbl00011   0x005a78    program     static                          
        ___while_lbl00019   0x005b30    program     static                          
        ___while_lbl00020   0x005b44    program     static                          
        ___while_lbl00073   0x002dae    program     static                          
        ___while_lbl00074   0x002eae    program     static                          
        ___while_lbl00075   0x002dde    program     static                          
        ___while_lbl00076   0x002de2    program     static                          
        ___while_lbl00205   0x00290c    program     static                          
        ___while_lbl00206   0x002910    program     static                          
               __config_0   0x300000    program     static G:\OLD PC C DRIVE\SALMAN_C\Desktop\ScannerJigV3\ACTJv20(RJSR)\Main_PCR.c
               __config_1   0x300001    program     static G:\OLD PC C DRIVE\SALMAN_C\Desktop\ScannerJigV3\ACTJv20(RJSR)\Main_PCR.c
              __config_10   0x30000c    program     static G:\OLD PC C DRIVE\SALMAN_C\Desktop\ScannerJigV3\ACTJv20(RJSR)\Main_PCR.c
              __config_11   0x30000d    program     static G:\OLD PC C DRIVE\SALMAN_C\Desktop\ScannerJigV3\ACTJv20(RJSR)\Main_PCR.c
               __config_2   0x300002    program     static G:\OLD PC C DRIVE\SALMAN_C\Desktop\ScannerJigV3\ACTJv20(RJSR)\Main_PCR.c
               __config_3   0x300003    program     static G:\OLD PC C DRIVE\SALMAN_C\Desktop\ScannerJigV3\ACTJv20(RJSR)\Main_PCR.c
               __config_4   0x300005    program     static G:\OLD PC C DRIVE\SALMAN_C\Desktop\ScannerJigV3\ACTJv20(RJSR)\Main_PCR.c
               __config_5   0x300006    program     static G:\OLD PC C DRIVE\SALMAN_C\Desktop\ScannerJigV3\ACTJv20(RJSR)\Main_PCR.c
               __config_6   0x300008    program     static G:\OLD PC C DRIVE\SALMAN_C\Desktop\ScannerJigV3\ACTJv20(RJSR)\Main_PCR.c
               __config_7   0x300009    program     static G:\OLD PC C DRIVE\SALMAN_C\Desktop\ScannerJigV3\ACTJv20(RJSR)\Main_PCR.c
               __config_8   0x30000a    program     static G:\OLD PC C DRIVE\SALMAN_C\Desktop\ScannerJigV3\ACTJv20(RJSR)\Main_PCR.c
               __config_9   0x30000b    program     static G:\OLD PC C DRIVE\SALMAN_C\Desktop\ScannerJigV3\ACTJv20(RJSR)\Main_PCR.c
                   __init   0x000806    program     extern C:\MCC18\src\TRADIT~1\stdclib\__init.c
               __string_0   0x0063bc    program     static G:\OLD PC C DRIVE\SALMAN_C\Desktop\ScannerJigV3\ACTJv20(RJSR)\i2c_lcd.c
               __string_0   0x00649c    program     static G:\OLD PC C DRIVE\SALMAN_C\Desktop\ScannerJigV3\ACTJv20(RJSR)\SBC_Rpi.c
               __string_0   0x006388    program     static G:\OLD PC C DRIVE\SALMAN_C\Desktop\ScannerJigV3\ACTJv20(RJSR)\Functions.c
               __string_0   0x00630e    program     static G:\OLD PC C DRIVE\SALMAN_C\Desktop\ScannerJigV3\ACTJv20(RJSR)\Main_PCR.c
               __string_1   0x00656f    program     static G:\OLD PC C DRIVE\SALMAN_C\Desktop\ScannerJigV3\ACTJv20(RJSR)\service.c
               __string_1   0x0063ba    program     static G:\OLD PC C DRIVE\SALMAN_C\Desktop\ScannerJigV3\ACTJv20(RJSR)\i2c_lcd.c
               __string_1   0x006498    program     static G:\OLD PC C DRIVE\SALMAN_C\Desktop\ScannerJigV3\ACTJv20(RJSR)\SBC_Rpi.c
               __string_1   0x00637a    program     static G:\OLD PC C DRIVE\SALMAN_C\Desktop\ScannerJigV3\ACTJv20(RJSR)\Functions.c
               __string_1   0x006302    program     static G:\OLD PC C DRIVE\SALMAN_C\Desktop\ScannerJigV3\ACTJv20(RJSR)\Main_PCR.c
              __string_10   0x006530    program     static G:\OLD PC C DRIVE\SALMAN_C\Desktop\ScannerJigV3\ACTJv20(RJSR)\service.c
              __string_10   0x006280    program     static G:\OLD PC C DRIVE\SALMAN_C\Desktop\ScannerJigV3\ACTJv20(RJSR)\Main_PCR.c
              __string_10   0x00633f    program     static G:\OLD PC C DRIVE\SALMAN_C\Desktop\ScannerJigV3\ACTJv20(RJSR)\Functions.c
              __string_10   0x006448    program     static G:\OLD PC C DRIVE\SALMAN_C\Desktop\ScannerJigV3\ACTJv20(RJSR)\SBC_Rpi.c
              __string_11   0x006335    program     static G:\OLD PC C DRIVE\SALMAN_C\Desktop\ScannerJigV3\ACTJv20(RJSR)\Functions.c
              __string_11   0x00627b    program     static G:\OLD PC C DRIVE\SALMAN_C\Desktop\ScannerJigV3\ACTJv20(RJSR)\Main_PCR.c
              __string_11   0x00643f    program     static G:\OLD PC C DRIVE\SALMAN_C\Desktop\ScannerJigV3\ACTJv20(RJSR)\SBC_Rpi.c
              __string_11   0x00652b    program     static G:\OLD PC C DRIVE\SALMAN_C\Desktop\ScannerJigV3\ACTJv20(RJSR)\service.c
              __string_12   0x006528    program     static G:\OLD PC C DRIVE\SALMAN_C\Desktop\ScannerJigV3\ACTJv20(RJSR)\service.c
              __string_12   0x006272    program     static G:\OLD PC C DRIVE\SALMAN_C\Desktop\ScannerJigV3\ACTJv20(RJSR)\Main_PCR.c
              __string_12   0x006327    program     static G:\OLD PC C DRIVE\SALMAN_C\Desktop\ScannerJigV3\ACTJv20(RJSR)\Functions.c
              __string_12   0x006434    program     static G:\OLD PC C DRIVE\SALMAN_C\Desktop\ScannerJigV3\ACTJv20(RJSR)\SBC_Rpi.c
              __string_13   0x006522    program     static G:\OLD PC C DRIVE\SALMAN_C\Desktop\ScannerJigV3\ACTJv20(RJSR)\service.c
              __string_13   0x006269    program     static G:\OLD PC C DRIVE\SALMAN_C\Desktop\ScannerJigV3\ACTJv20(RJSR)\Main_PCR.c
              __string_13   0x00631a    program     static G:\OLD PC C DRIVE\SALMAN_C\Desktop\ScannerJigV3\ACTJv20(RJSR)\Functions.c
              __string_13   0x00642b    program     static G:\OLD PC C DRIVE\SALMAN_C\Desktop\ScannerJigV3\ACTJv20(RJSR)\SBC_Rpi.c
              __string_14   0x00651f    program     static G:\OLD PC C DRIVE\SALMAN_C\Desktop\ScannerJigV3\ACTJv20(RJSR)\service.c
              __string_14   0x00641d    program     static G:\OLD PC C DRIVE\SALMAN_C\Desktop\ScannerJigV3\ACTJv20(RJSR)\SBC_Rpi.c
              __string_14   0x006258    program     static G:\OLD PC C DRIVE\SALMAN_C\Desktop\ScannerJigV3\ACTJv20(RJSR)\Main_PCR.c
              __string_15   0x00640c    program     static G:\OLD PC C DRIVE\SALMAN_C\Desktop\ScannerJigV3\ACTJv20(RJSR)\SBC_Rpi.c
              __string_16   0x0063fe    program     static G:\OLD PC C DRIVE\SALMAN_C\Desktop\ScannerJigV3\ACTJv20(RJSR)\SBC_Rpi.c
              __string_17   0x0063ec    program     static G:\OLD PC C DRIVE\SALMAN_C\Desktop\ScannerJigV3\ACTJv20(RJSR)\SBC_Rpi.c
              __string_17   0x006515    program     static G:\OLD PC C DRIVE\SALMAN_C\Desktop\ScannerJigV3\ACTJv20(RJSR)\service.c
              __string_18   0x0063de    program     static G:\OLD PC C DRIVE\SALMAN_C\Desktop\ScannerJigV3\ACTJv20(RJSR)\SBC_Rpi.c
              __string_18   0x00650a    program     static G:\OLD PC C DRIVE\SALMAN_C\Desktop\ScannerJigV3\ACTJv20(RJSR)\service.c
              __string_19   0x0063cf    program     static G:\OLD PC C DRIVE\SALMAN_C\Desktop\ScannerJigV3\ACTJv20(RJSR)\SBC_Rpi.c
              __string_19   0x006500    program     static G:\OLD PC C DRIVE\SALMAN_C\Desktop\ScannerJigV3\ACTJv20(RJSR)\service.c
               __string_2   0x00648f    program     static G:\OLD PC C DRIVE\SALMAN_C\Desktop\ScannerJigV3\ACTJv20(RJSR)\SBC_Rpi.c
               __string_2   0x00656a    program     static G:\OLD PC C DRIVE\SALMAN_C\Desktop\ScannerJigV3\ACTJv20(RJSR)\service.c
               __string_2   0x0063ae    program     static G:\OLD PC C DRIVE\SALMAN_C\Desktop\ScannerJigV3\ACTJv20(RJSR)\i2c_lcd.c
               __string_2   0x0062f1    program     static G:\OLD PC C DRIVE\SALMAN_C\Desktop\ScannerJigV3\ACTJv20(RJSR)\Main_PCR.c
               __string_2   0x00636d    program     static G:\OLD PC C DRIVE\SALMAN_C\Desktop\ScannerJigV3\ACTJv20(RJSR)\Functions.c
              __string_20   0x0064f5    program     static G:\OLD PC C DRIVE\SALMAN_C\Desktop\ScannerJigV3\ACTJv20(RJSR)\service.c
              __string_20   0x0063ca    program     static G:\OLD PC C DRIVE\SALMAN_C\Desktop\ScannerJigV3\ACTJv20(RJSR)\SBC_Rpi.c
              __string_22   0x0064e5    program     static G:\OLD PC C DRIVE\SALMAN_C\Desktop\ScannerJigV3\ACTJv20(RJSR)\service.c
              __string_23   0x0064df    program     static G:\OLD PC C DRIVE\SALMAN_C\Desktop\ScannerJigV3\ACTJv20(RJSR)\service.c
              __string_24   0x0064d7    program     static G:\OLD PC C DRIVE\SALMAN_C\Desktop\ScannerJigV3\ACTJv20(RJSR)\service.c
              __string_25   0x0064ce    program     static G:\OLD PC C DRIVE\SALMAN_C\Desktop\ScannerJigV3\ACTJv20(RJSR)\service.c
              __string_26   0x0064c0    program     static G:\OLD PC C DRIVE\SALMAN_C\Desktop\ScannerJigV3\ACTJv20(RJSR)\service.c
              __string_27   0x0064bd    program     static G:\OLD PC C DRIVE\SALMAN_C\Desktop\ScannerJigV3\ACTJv20(RJSR)\service.c
              __string_28   0x0064b8    program     static G:\OLD PC C DRIVE\SALMAN_C\Desktop\ScannerJigV3\ACTJv20(RJSR)\service.c
              __string_29   0x0064b0    program     static G:\OLD PC C DRIVE\SALMAN_C\Desktop\ScannerJigV3\ACTJv20(RJSR)\service.c
               __string_3   0x0062e4    program     static G:\OLD PC C DRIVE\SALMAN_C\Desktop\ScannerJigV3\ACTJv20(RJSR)\Main_PCR.c
               __string_3   0x00648c    program     static G:\OLD PC C DRIVE\SALMAN_C\Desktop\ScannerJigV3\ACTJv20(RJSR)\SBC_Rpi.c
               __string_3   0x0063a1    program     static G:\OLD PC C DRIVE\SALMAN_C\Desktop\ScannerJigV3\ACTJv20(RJSR)\i2c_lcd.c
               __string_3   0x00635f    program     static G:\OLD PC C DRIVE\SALMAN_C\Desktop\ScannerJigV3\ACTJv20(RJSR)\Functions.c
              __string_30   0x0064ab    program     static G:\OLD PC C DRIVE\SALMAN_C\Desktop\ScannerJigV3\ACTJv20(RJSR)\service.c
              __string_31   0x0064a6    program     static G:\OLD PC C DRIVE\SALMAN_C\Desktop\ScannerJigV3\ACTJv20(RJSR)\service.c
               __string_4   0x0062d3    program     static G:\OLD PC C DRIVE\SALMAN_C\Desktop\ScannerJigV3\ACTJv20(RJSR)\Main_PCR.c
               __string_4   0x006395    program     static G:\OLD PC C DRIVE\SALMAN_C\Desktop\ScannerJigV3\ACTJv20(RJSR)\i2c_lcd.c
               __string_4   0x006484    program     static G:\OLD PC C DRIVE\SALMAN_C\Desktop\ScannerJigV3\ACTJv20(RJSR)\SBC_Rpi.c
               __string_4   0x00655e    program     static G:\OLD PC C DRIVE\SALMAN_C\Desktop\ScannerJigV3\ACTJv20(RJSR)\service.c
               __string_5   0x0062c7    program     static G:\OLD PC C DRIVE\SALMAN_C\Desktop\ScannerJigV3\ACTJv20(RJSR)\Main_PCR.c
               __string_5   0x00647d    program     static G:\OLD PC C DRIVE\SALMAN_C\Desktop\ScannerJigV3\ACTJv20(RJSR)\SBC_Rpi.c
               __string_5   0x006556    program     static G:\OLD PC C DRIVE\SALMAN_C\Desktop\ScannerJigV3\ACTJv20(RJSR)\service.c
               __string_6   0x0062b7    program     static G:\OLD PC C DRIVE\SALMAN_C\Desktop\ScannerJigV3\ACTJv20(RJSR)\Main_PCR.c
               __string_6   0x006470    program     static G:\OLD PC C DRIVE\SALMAN_C\Desktop\ScannerJigV3\ACTJv20(RJSR)\SBC_Rpi.c
               __string_7   0x0062a6    program     static G:\OLD PC C DRIVE\SALMAN_C\Desktop\ScannerJigV3\ACTJv20(RJSR)\Main_PCR.c
               __string_7   0x00654a    program     static G:\OLD PC C DRIVE\SALMAN_C\Desktop\ScannerJigV3\ACTJv20(RJSR)\service.c
               __string_7   0x006467    program     static G:\OLD PC C DRIVE\SALMAN_C\Desktop\ScannerJigV3\ACTJv20(RJSR)\SBC_Rpi.c
               __string_8   0x006354    program     static G:\OLD PC C DRIVE\SALMAN_C\Desktop\ScannerJigV3\ACTJv20(RJSR)\Functions.c
               __string_8   0x00645a    program     static G:\OLD PC C DRIVE\SALMAN_C\Desktop\ScannerJigV3\ACTJv20(RJSR)\SBC_Rpi.c
               __string_8   0x006542    program     static G:\OLD PC C DRIVE\SALMAN_C\Desktop\ScannerJigV3\ACTJv20(RJSR)\service.c
               __string_8   0x006295    program     static G:\OLD PC C DRIVE\SALMAN_C\Desktop\ScannerJigV3\ACTJv20(RJSR)\Main_PCR.c
               __string_9   0x00634a    program     static G:\OLD PC C DRIVE\SALMAN_C\Desktop\ScannerJigV3\ACTJv20(RJSR)\Functions.c
               __string_9   0x006285    program     static G:\OLD PC C DRIVE\SALMAN_C\Desktop\ScannerJigV3\ACTJv20(RJSR)\Main_PCR.c
               __string_9   0x006539    program     static G:\OLD PC C DRIVE\SALMAN_C\Desktop\ScannerJigV3\ACTJv20(RJSR)\service.c
               __string_9   0x006454    program     static G:\OLD PC C DRIVE\SALMAN_C\Desktop\ScannerJigV3\ACTJv20(RJSR)\SBC_Rpi.c
               __tmplbl_0   0x005b3c    program     static                          
               __tmplbl_1   0x005b36    program     static                          
              __tmplbl_10   0x000b7e    program     static                          
              __tmplbl_14   0x001a3e    program     static                          
              __tmplbl_18   0x001042    program     static                          
               __tmplbl_4   0x001b26    program     static                          
               __tmplbl_5   0x001b10    program     static                          
                _do_cinit   0x006846    program     extern C:\MCC18\src\traditional\startup\c018i.c
                   _entry   0x000000    program     extern C:\MCC18\src\traditional\startup\c018i.c
                   _false   0x006996    program     static                          
                   _reset   0x000800    program     extern G:\OLD PC C DRIVE\SALMAN_C\Desktop\ScannerJigV3\ACTJv20(RJSR)\Main_PCR.c
                 _startup   0x006a1c    program     extern C:\MCC18\src\traditional\startup\c018i.c
                bluetooth   0x001e82    program     extern G:\OLD PC C DRIVE\SALMAN_C\Desktop\ScannerJigV3\ACTJv20(RJSR)\service.c
            catFB_forward   0x005de2    program     extern G:\OLD PC C DRIVE\SALMAN_C\Desktop\ScannerJigV3\ACTJv20(RJSR)\Main_PCR.c
                 cat_test   0x00603e    program     extern G:\OLD PC C DRIVE\SALMAN_C\Desktop\ScannerJigV3\ACTJv20(RJSR)\Main_PCR.c
         check_key_intrpt   0x006024    program     extern G:\OLD PC C DRIVE\SALMAN_C\Desktop\ScannerJigV3\ACTJv20(RJSR)\Main_PCR.c
              check_stack   0x005fdc    program     extern G:\OLD PC C DRIVE\SALMAN_C\Desktop\ScannerJigV3\ACTJv20(RJSR)\Main_PCR.c
                clogerror   0x0069ad    program     extern G:\OLD PC C DRIVE\SALMAN_C\Desktop\ScannerJigV3\ACTJv20(RJSR)\service.c
         cont_error_check   0x005af2    program     extern G:\OLD PC C DRIVE\SALMAN_C\Desktop\ScannerJigV3\ACTJv20(RJSR)\Main_PCR.c
                copy_loop   0x0068b8    program     static                          
            copy_one_byte   0x0068be    program     static                          
                data_menu   0x002580    program     extern G:\OLD PC C DRIVE\SALMAN_C\Desktop\ScannerJigV3\ACTJv20(RJSR)\service.c
               disable_qr   0x004daa    program     extern G:\OLD PC C DRIVE\SALMAN_C\Desktop\ScannerJigV3\ACTJv20(RJSR)\SBC_Rpi.c
              disable_sbc   0x004cd8    program     extern G:\OLD PC C DRIVE\SALMAN_C\Desktop\ScannerJigV3\ACTJv20(RJSR)\SBC_Rpi.c
                  display   0x003dba    program     extern G:\OLD PC C DRIVE\SALMAN_C\Desktop\ScannerJigV3\ACTJv20(RJSR)\i2c_lcd.c
           display_counts   0x003ee2    program     extern G:\OLD PC C DRIVE\SALMAN_C\Desktop\ScannerJigV3\ACTJv20(RJSR)\i2c_lcd.c
              display_ram   0x003e4e    program     extern G:\OLD PC C DRIVE\SALMAN_C\Desktop\ScannerJigV3\ACTJv20(RJSR)\i2c_lcd.c
                     done   0x0068e2    program     static                          
             done_copying   0x0068cc    program     static                          
                enable_qr   0x004e16    program     extern G:\OLD PC C DRIVE\SALMAN_C\Desktop\ScannerJigV3\ACTJv20(RJSR)\SBC_Rpi.c
               enable_sbc   0x004d42    program     extern G:\OLD PC C DRIVE\SALMAN_C\Desktop\ScannerJigV3\ACTJv20(RJSR)\SBC_Rpi.c
                  endloop   0x0069f6    program     static                          
                  endloop   0x006a4e    program     static                          
               flush_uart   0x005004    program     extern G:\OLD PC C DRIVE\SALMAN_C\Desktop\ScannerJigV3\ACTJv20(RJSR)\SBC_Rpi.c
                 jANotInf   0x0065bc    program     static C:\MCC18\SRC\TRADIT~1\MATH\divFP.asm
                jANotZero   0x0065d0    program     static C:\MCC18\SRC\TRADIT~1\MATH\divFP.asm
                    jExit   0x006738    program     static C:\MCC18\SRC\TRADIT~1\MATH\castFP32.asm
                jI2F16Beg   0x006588    program     static C:\MCC18\SRC\TRADIT~1\MATH\cast16FP.asm
                    jLoop   0x00670c    program     static C:\MCC18\SRC\TRADIT~1\MATH\castFP32.asm
                    jLoop   0x0065f8    program     static C:\MCC18\SRC\TRADIT~1\MATH\divFP.asm
                jLoopExit   0x006720    program     static C:\MCC18\SRC\TRADIT~1\MATH\castFP32.asm
                     jMax   0x0066dc    program     static C:\MCC18\SRC\TRADIT~1\MATH\castFP32.asm
                  jMaxNeg   0x0066ee    program     static C:\MCC18\SRC\TRADIT~1\MATH\castFP32.asm
                  jMaxPos   0x0066e0    program     static C:\MCC18\SRC\TRADIT~1\MATH\castFP32.asm
                    jNext   0x00661e    program     static C:\MCC18\SRC\TRADIT~1\MATH\divFP.asm
                jNoAdjust   0x00661c    program     static C:\MCC18\SRC\TRADIT~1\MATH\divFP.asm
                  jNotInf   0x0066fa    program     static C:\MCC18\SRC\TRADIT~1\MATH\castFP32.asm
                  jPkLoop   0x006780    program     static C:\MCC18\SRC\TRADIT~1\MATH\packFP.asm
             jPkRoundDone   0x0067ca    program     static C:\MCC18\SRC\TRADIT~1\MATH\packFP.asm
               jPkRoundIt   0x0067b2    program     static C:\MCC18\SRC\TRADIT~1\MATH\packFP.asm
             jPkShiftDone   0x00679c    program     static C:\MCC18\SRC\TRADIT~1\MATH\packFP.asm
           jReturnPosInf0   0x006756    program     static C:\MCC18\SRC\TRADIT~1\MATH\packFP.asm
              jSignedZero   0x0065c6    program     static C:\MCC18\SRC\TRADIT~1\MATH\divFP.asm
                  jUnpkA1   0x0067f4    program     static C:\MCC18\SRC\TRADIT~1\MATH\UnpackFP.asm
                  jUnpkA2   0x00680c    program     static C:\MCC18\SRC\TRADIT~1\MATH\UnpackFP.asm
                 jUnpkANZ   0x006802    program     static C:\MCC18\SRC\TRADIT~1\MATH\UnpackFP.asm
                  jUnpkB1   0x006824    program     static C:\MCC18\SRC\TRADIT~1\MATH\UnpackFP.asm
                  jUnpkB2   0x00683c    program     static C:\MCC18\SRC\TRADIT~1\MATH\UnpackFP.asm
                 jUnpkBNZ   0x006832    program     static C:\MCC18\SRC\TRADIT~1\MATH\UnpackFP.asm
                 jUnpkNaN   0x006816    program     static C:\MCC18\SRC\TRADIT~1\MATH\UnpackFP.asm
                   jWr123   0x0066e6    program     static C:\MCC18\SRC\TRADIT~1\MATH\castFP32.asm
                  jWrZ123   0x0066f6    program     static C:\MCC18\SRC\TRADIT~1\MATH\castFP32.asm
                    jZero   0x0066f4    program     static C:\MCC18\SRC\TRADIT~1\MATH\castFP32.asm
               jZero1and2   0x00675a    program     static C:\MCC18\SRC\TRADIT~1\MATH\packFP.asm
                     loop   0x0069da    program     static                          
                     loop   0x006962    program     static                          
                     loop   0x006a2c    program     static                          
                     loop   0x006a40    program     static                          
                     main   0x005b52    program     extern G:\OLD PC C DRIVE\SALMAN_C\Desktop\ScannerJigV3\ACTJv20(RJSR)\Main_PCR.c
        mechUp_catFB_Back   0x005f0c    program     extern G:\OLD PC C DRIVE\SALMAN_C\Desktop\ScannerJigV3\ACTJv20(RJSR)\Main_PCR.c
        mech_error_botton   0x001a5e    program     extern G:\OLD PC C DRIVE\SALMAN_C\Desktop\ScannerJigV3\ACTJv20(RJSR)\service.c
          mech_error_loop   0x001a94    program     extern G:\OLD PC C DRIVE\SALMAN_C\Desktop\ScannerJigV3\ACTJv20(RJSR)\service.c
          mech_plate_down   0x005d24    program     extern G:\OLD PC C DRIVE\SALMAN_C\Desktop\ScannerJigV3\ACTJv20(RJSR)\Main_PCR.c
           mechanism_test   0x001dd4    program     extern G:\OLD PC C DRIVE\SALMAN_C\Desktop\ScannerJigV3\ACTJv20(RJSR)\service.c
                     menu   0x000e7c    program     extern G:\OLD PC C DRIVE\SALMAN_C\Desktop\ScannerJigV3\ACTJv20(RJSR)\service.c
                port_init   0x006202    program     extern G:\OLD PC C DRIVE\SALMAN_C\Desktop\ScannerJigV3\ACTJv20(RJSR)\Main_PCR.c
                     post   0x001aba    program     extern G:\OLD PC C DRIVE\SALMAN_C\Desktop\ScannerJigV3\ACTJv20(RJSR)\service.c
                  qr_menu   0x002596    program     extern G:\OLD PC C DRIVE\SALMAN_C\Desktop\ScannerJigV3\ACTJv20(RJSR)\service.c
             read_current   0x001000    program     extern G:\OLD PC C DRIVE\SALMAN_C\Desktop\ScannerJigV3\ACTJv20(RJSR)\service.c
              read_eeprom   0x00296e    program     extern G:\OLD PC C DRIVE\SALMAN_C\Desktop\ScannerJigV3\ACTJv20(RJSR)\Functions.c
          read_string_rpi   0x00581a    program     extern G:\OLD PC C DRIVE\SALMAN_C\Desktop\ScannerJigV3\ACTJv20(RJSR)\SBC_Rpi.c
               reject_off   0x005dbe    program     extern G:\OLD PC C DRIVE\SALMAN_C\Desktop\ScannerJigV3\ACTJv20(RJSR)\Main_PCR.c
                reject_on   0x005d9a    program     extern G:\OLD PC C DRIVE\SALMAN_C\Desktop\ScannerJigV3\ACTJv20(RJSR)\Main_PCR.c
          reset_mechanism   0x006026    program     extern G:\OLD PC C DRIVE\SALMAN_C\Desktop\ScannerJigV3\ACTJv20(RJSR)\Main_PCR.c
            rtry_vlv_test   0x001ba6    program     extern G:\OLD PC C DRIVE\SALMAN_C\Desktop\ScannerJigV3\ACTJv20(RJSR)\service.c
          sent_rpi_uint16   0x005516    program     extern G:\OLD PC C DRIVE\SALMAN_C\Desktop\ScannerJigV3\ACTJv20(RJSR)\SBC_Rpi.c
       sent_rpi_valve_rot   0x00561e    program     extern G:\OLD PC C DRIVE\SALMAN_C\Desktop\ScannerJigV3\ACTJv20(RJSR)\SBC_Rpi.c
             service_menu   0x0027ec    program     extern G:\OLD PC C DRIVE\SALMAN_C\Desktop\ScannerJigV3\ACTJv20(RJSR)\service.c
     set_valve_half_value   0x0025ac    program     extern G:\OLD PC C DRIVE\SALMAN_C\Desktop\ScannerJigV3\ACTJv20(RJSR)\service.c
                   string   0x00699c    program     extern G:\OLD PC C DRIVE\SALMAN_C\Desktop\ScannerJigV3\ACTJv20(RJSR)\service.c
                     test   0x006860    program     static                          
        vacuum_leak_error   0x0061f0    program     extern G:\OLD PC C DRIVE\SALMAN_C\Desktop\ScannerJigV3\ACTJv20(RJSR)\Main_PCR.c
              vacuum_test   0x001f66    program     extern G:\OLD PC C DRIVE\SALMAN_C\Desktop\ScannerJigV3\ACTJv20(RJSR)\service.c
               valve_left   0x00294e    program     extern G:\OLD PC C DRIVE\SALMAN_C\Desktop\ScannerJigV3\ACTJv20(RJSR)\Functions.c
         valve_right_idle   0x002956    program     extern G:\OLD PC C DRIVE\SALMAN_C\Desktop\ScannerJigV3\ACTJv20(RJSR)\Functions.c
            wait_busy_rpi   0x004e80    program     extern G:\OLD PC C DRIVE\SALMAN_C\Desktop\ScannerJigV3\ACTJv20(RJSR)\SBC_Rpi.c
              wait_for_qr   0x005026    program     extern G:\OLD PC C DRIVE\SALMAN_C\Desktop\ScannerJigV3\ACTJv20(RJSR)\SBC_Rpi.c
             wait_log_rpi   0x004f8a    program     extern G:\OLD PC C DRIVE\SALMAN_C\Desktop\ScannerJigV3\ACTJv20(RJSR)\SBC_Rpi.c
           wait_ready_rpi   0x004ee8    program     extern G:\OLD PC C DRIVE\SALMAN_C\Desktop\ScannerJigV3\ACTJv20(RJSR)\SBC_Rpi.c
             write_eeprom   0x00299a    program     extern G:\OLD PC C DRIVE\SALMAN_C\Desktop\ScannerJigV3\ACTJv20(RJSR)\Functions.c
            write_ram_rpi   0x00589e    program     extern G:\OLD PC C DRIVE\SALMAN_C\Desktop\ScannerJigV3\ACTJv20(RJSR)\SBC_Rpi.c
     write_ram_string_rpi   0x00585e    program     extern G:\OLD PC C DRIVE\SALMAN_C\Desktop\ScannerJigV3\ACTJv20(RJSR)\SBC_Rpi.c
            write_rom_rpi   0x00594e    program     extern G:\OLD PC C DRIVE\SALMAN_C\Desktop\ScannerJigV3\ACTJv20(RJSR)\SBC_Rpi.c
         write_rom_rpi_nl   0x005968    program     extern G:\OLD PC C DRIVE\SALMAN_C\Desktop\ScannerJigV3\ACTJv20(RJSR)\SBC_Rpi.c
     write_rom_string_rpi   0x0058b8    program     extern G:\OLD PC C DRIVE\SALMAN_C\Desktop\ScannerJigV3\ACTJv20(RJSR)\SBC_Rpi.c
       write_rpi_sect_brk   0x0058fc    program     extern G:\OLD PC C DRIVE\SALMAN_C\Desktop\ScannerJigV3\ACTJv20(RJSR)\SBC_Rpi.c
                   ADCON0   0x000fc2       data     extern C:\MCC18\SRC\TRADIT~1\PROC\p18f4550.asm
               ADCON0bits   0x000fc2       data     extern C:\MCC18\SRC\TRADIT~1\PROC\p18f4550.asm
                   ADCON1   0x000fc1       data     extern C:\MCC18\SRC\TRADIT~1\PROC\p18f4550.asm
               ADCON1bits   0x000fc1       data     extern C:\MCC18\SRC\TRADIT~1\PROC\p18f4550.asm
                   ADCON2   0x000fc0       data     extern C:\MCC18\SRC\TRADIT~1\PROC\p18f4550.asm
               ADCON2bits   0x000fc0       data     extern C:\MCC18\SRC\TRADIT~1\PROC\p18f4550.asm
                    ADRES   0x000fc3       data     extern C:\MCC18\SRC\TRADIT~1\PROC\p18f4550.asm
                   ADRESH   0x000fc4       data     extern C:\MCC18\SRC\TRADIT~1\PROC\p18f4550.asm
                   ADRESL   0x000fc3       data     extern C:\MCC18\SRC\TRADIT~1\PROC\p18f4550.asm
                  BAUDCON   0x000fb8       data     extern C:\MCC18\SRC\TRADIT~1\PROC\p18f4550.asm
              BAUDCONbits   0x000fb8       data     extern C:\MCC18\SRC\TRADIT~1\PROC\p18f4550.asm
                      BSR   0x000fe0       data     extern C:\MCC18\SRC\TRADIT~1\PROC\p18f4550.asm
                BaseValue   0x0000ae       data     extern G:\OLD PC C DRIVE\SALMAN_C\Desktop\ScannerJigV3\ACTJv20(RJSR)\Main_PCR.c
                   CCP1AS   0x000fb6       data     extern C:\MCC18\SRC\TRADIT~1\PROC\p18f4550.asm
               CCP1ASbits   0x000fb6       data     extern C:\MCC18\SRC\TRADIT~1\PROC\p18f4550.asm
                  CCP1CON   0x000fbd       data     extern C:\MCC18\SRC\TRADIT~1\PROC\p18f4550.asm
              CCP1CONbits   0x000fbd       data     extern C:\MCC18\SRC\TRADIT~1\PROC\p18f4550.asm
                  CCP1DEL   0x000fb7       data     extern C:\MCC18\SRC\TRADIT~1\PROC\p18f4550.asm
              CCP1DELbits   0x000fb7       data     extern C:\MCC18\SRC\TRADIT~1\PROC\p18f4550.asm
                  CCP2CON   0x000fba       data     extern C:\MCC18\SRC\TRADIT~1\PROC\p18f4550.asm
              CCP2CONbits   0x000fba       data     extern C:\MCC18\SRC\TRADIT~1\PROC\p18f4550.asm
                    CCPR1   0x000fbe       data     extern C:\MCC18\SRC\TRADIT~1\PROC\p18f4550.asm
                   CCPR1H   0x000fbf       data     extern C:\MCC18\SRC\TRADIT~1\PROC\p18f4550.asm
                   CCPR1L   0x000fbe       data     extern C:\MCC18\SRC\TRADIT~1\PROC\p18f4550.asm
                    CCPR2   0x000fbb       data     extern C:\MCC18\SRC\TRADIT~1\PROC\p18f4550.asm
                   CCPR2H   0x000fbc       data     extern C:\MCC18\SRC\TRADIT~1\PROC\p18f4550.asm
                   CCPR2L   0x000fbb       data     extern C:\MCC18\SRC\TRADIT~1\PROC\p18f4550.asm
                    CMCON   0x000fb4       data     extern C:\MCC18\SRC\TRADIT~1\PROC\p18f4550.asm
                CMCONbits   0x000fb4       data     extern C:\MCC18\SRC\TRADIT~1\PROC\p18f4550.asm
                   CVRCON   0x000fb5       data     extern C:\MCC18\SRC\TRADIT~1\PROC\p18f4550.asm
               CVRCONbits   0x000fb5       data     extern C:\MCC18\SRC\TRADIT~1\PROC\p18f4550.asm
              C_BaseValue   0x0000ac       data     extern G:\OLD PC C DRIVE\SALMAN_C\Desktop\ScannerJigV3\ACTJv20(RJSR)\Main_PCR.c
                     DDRA   0x000f92       data     extern C:\MCC18\SRC\TRADIT~1\PROC\p18f4550.asm
                 DDRAbits   0x000f92       data     extern C:\MCC18\SRC\TRADIT~1\PROC\p18f4550.asm
                     DDRB   0x000f93       data     extern C:\MCC18\SRC\TRADIT~1\PROC\p18f4550.asm
                 DDRBbits   0x000f93       data     extern C:\MCC18\SRC\TRADIT~1\PROC\p18f4550.asm
                     DDRC   0x000f94       data     extern C:\MCC18\SRC\TRADIT~1\PROC\p18f4550.asm
                 DDRCbits   0x000f94       data     extern C:\MCC18\SRC\TRADIT~1\PROC\p18f4550.asm
                     DDRD   0x000f95       data     extern C:\MCC18\SRC\TRADIT~1\PROC\p18f4550.asm
                 DDRDbits   0x000f95       data     extern C:\MCC18\SRC\TRADIT~1\PROC\p18f4550.asm
                     DDRE   0x000f96       data     extern C:\MCC18\SRC\TRADIT~1\PROC\p18f4550.asm
                 DDREbits   0x000f96       data     extern C:\MCC18\SRC\TRADIT~1\PROC\p18f4550.asm
            DelayCounter1   0x000020       data     extern C:\MCC18\SRC\TRADIT~1\DELAYS\delayd1.asm
                  ECCP1AS   0x000fb6       data     extern C:\MCC18\SRC\TRADIT~1\PROC\p18f4550.asm
              ECCP1ASbits   0x000fb6       data     extern C:\MCC18\SRC\TRADIT~1\PROC\p18f4550.asm
                 ECCP1CON   0x000fbd       data     extern C:\MCC18\SRC\TRADIT~1\PROC\p18f4550.asm
             ECCP1CONbits   0x000fbd       data     extern C:\MCC18\SRC\TRADIT~1\PROC\p18f4550.asm
                 ECCP1DEL   0x000fb7       data     extern C:\MCC18\SRC\TRADIT~1\PROC\p18f4550.asm
             ECCP1DELbits   0x000fb7       data     extern C:\MCC18\SRC\TRADIT~1\PROC\p18f4550.asm
                    EEADR   0x000fa9       data     extern C:\MCC18\SRC\TRADIT~1\PROC\p18f4550.asm
                   EECON1   0x000fa6       data     extern C:\MCC18\SRC\TRADIT~1\PROC\p18f4550.asm
               EECON1bits   0x000fa6       data     extern C:\MCC18\SRC\TRADIT~1\PROC\p18f4550.asm
                   EECON2   0x000fa7       data     extern C:\MCC18\SRC\TRADIT~1\PROC\p18f4550.asm
                   EEDATA   0x000fa8       data     extern C:\MCC18\SRC\TRADIT~1\PROC\p18f4550.asm
                    FAILs   0x0000c1       data     extern G:\OLD PC C DRIVE\SALMAN_C\Desktop\ScannerJigV3\ACTJv20(RJSR)\Main_PCR.c
                     FSR0   0x000fe9       data     extern C:\MCC18\SRC\TRADIT~1\PROC\p18f4550.asm
                    FSR0H   0x000fea       data     extern C:\MCC18\SRC\TRADIT~1\PROC\p18f4550.asm
                    FSR0L   0x000fe9       data     extern C:\MCC18\SRC\TRADIT~1\PROC\p18f4550.asm
                     FSR1   0x000fe1       data     extern C:\MCC18\SRC\TRADIT~1\PROC\p18f4550.asm
                    FSR1H   0x000fe2       data     extern C:\MCC18\SRC\TRADIT~1\PROC\p18f4550.asm
                    FSR1L   0x000fe1       data     extern C:\MCC18\SRC\TRADIT~1\PROC\p18f4550.asm
                     FSR2   0x000fd9       data     extern C:\MCC18\SRC\TRADIT~1\PROC\p18f4550.asm
                    FSR2H   0x000fda       data     extern C:\MCC18\SRC\TRADIT~1\PROC\p18f4550.asm
                    FSR2L   0x000fd9       data     extern C:\MCC18\SRC\TRADIT~1\PROC\p18f4550.asm
                  HLVDCON   0x000fd2       data     extern C:\MCC18\SRC\TRADIT~1\PROC\p18f4550.asm
              HLVDCONbits   0x000fd2       data     extern C:\MCC18\SRC\TRADIT~1\PROC\p18f4550.asm
                    INDF0   0x000fef       data     extern C:\MCC18\SRC\TRADIT~1\PROC\p18f4550.asm
                    INDF1   0x000fe7       data     extern C:\MCC18\SRC\TRADIT~1\PROC\p18f4550.asm
                    INDF2   0x000fdf       data     extern C:\MCC18\SRC\TRADIT~1\PROC\p18f4550.asm
                   INTCON   0x000ff2       data     extern C:\MCC18\SRC\TRADIT~1\PROC\p18f4550.asm
                  INTCON2   0x000ff1       data     extern C:\MCC18\SRC\TRADIT~1\PROC\p18f4550.asm
              INTCON2bits   0x000ff1       data     extern C:\MCC18\SRC\TRADIT~1\PROC\p18f4550.asm
                  INTCON3   0x000ff0       data     extern C:\MCC18\SRC\TRADIT~1\PROC\p18f4550.asm
              INTCON3bits   0x000ff0       data     extern C:\MCC18\SRC\TRADIT~1\PROC\p18f4550.asm
               INTCONbits   0x000ff2       data     extern C:\MCC18\SRC\TRADIT~1\PROC\p18f4550.asm
                     IPR1   0x000f9f       data     extern C:\MCC18\SRC\TRADIT~1\PROC\p18f4550.asm
                 IPR1bits   0x000f9f       data     extern C:\MCC18\SRC\TRADIT~1\PROC\p18f4550.asm
                     IPR2   0x000fa2       data     extern C:\MCC18\SRC\TRADIT~1\PROC\p18f4550.asm
                 IPR2bits   0x000fa2       data     extern C:\MCC18\SRC\TRADIT~1\PROC\p18f4550.asm
                     LATA   0x000f89       data     extern C:\MCC18\SRC\TRADIT~1\PROC\p18f4550.asm
                 LATAbits   0x000f89       data     extern C:\MCC18\SRC\TRADIT~1\PROC\p18f4550.asm
                     LATB   0x000f8a       data     extern C:\MCC18\SRC\TRADIT~1\PROC\p18f4550.asm
                 LATBbits   0x000f8a       data     extern C:\MCC18\SRC\TRADIT~1\PROC\p18f4550.asm
                     LATC   0x000f8b       data     extern C:\MCC18\SRC\TRADIT~1\PROC\p18f4550.asm
                 LATCbits   0x000f8b       data     extern C:\MCC18\SRC\TRADIT~1\PROC\p18f4550.asm
                     LATD   0x000f8c       data     extern C:\MCC18\SRC\TRADIT~1\PROC\p18f4550.asm
                 LATDbits   0x000f8c       data     extern C:\MCC18\SRC\TRADIT~1\PROC\p18f4550.asm
                     LATE   0x000f8d       data     extern C:\MCC18\SRC\TRADIT~1\PROC\p18f4550.asm
                 LATEbits   0x000f8d       data     extern C:\MCC18\SRC\TRADIT~1\PROC\p18f4550.asm
                   LVDCON   0x000fd2       data     extern C:\MCC18\SRC\TRADIT~1\PROC\p18f4550.asm
               LVDCONbits   0x000fd2       data     extern C:\MCC18\SRC\TRADIT~1\PROC\p18f4550.asm
                    NO_QR   0x0000db       data     extern G:\OLD PC C DRIVE\SALMAN_C\Desktop\ScannerJigV3\ACTJv20(RJSR)\SBC_Rpi.c
                   OSCCON   0x000fd3       data     extern C:\MCC18\SRC\TRADIT~1\PROC\p18f4550.asm
               OSCCONbits   0x000fd3       data     extern C:\MCC18\SRC\TRADIT~1\PROC\p18f4550.asm
                  OSCTUNE   0x000f9b       data     extern C:\MCC18\SRC\TRADIT~1\PROC\p18f4550.asm
              OSCTUNEbits   0x000f9b       data     extern C:\MCC18\SRC\TRADIT~1\PROC\p18f4550.asm
                    PASSs   0x0000bf       data     extern G:\OLD PC C DRIVE\SALMAN_C\Desktop\ScannerJigV3\ACTJv20(RJSR)\Main_PCR.c
                       PC   0x000ff9       data     extern C:\MCC18\SRC\TRADIT~1\PROC\p18f4550.asm
                      PCL   0x000ff9       data     extern C:\MCC18\SRC\TRADIT~1\PROC\p18f4550.asm
                   PCLATH   0x000ffa       data     extern C:\MCC18\SRC\TRADIT~1\PROC\p18f4550.asm
                   PCLATU   0x000ffb       data     extern C:\MCC18\SRC\TRADIT~1\PROC\p18f4550.asm
                     PIE1   0x000f9d       data     extern C:\MCC18\SRC\TRADIT~1\PROC\p18f4550.asm
                 PIE1bits   0x000f9d       data     extern C:\MCC18\SRC\TRADIT~1\PROC\p18f4550.asm
                     PIE2   0x000fa0       data     extern C:\MCC18\SRC\TRADIT~1\PROC\p18f4550.asm
                 PIE2bits   0x000fa0       data     extern C:\MCC18\SRC\TRADIT~1\PROC\p18f4550.asm
                     PIR1   0x000f9e       data     extern C:\MCC18\SRC\TRADIT~1\PROC\p18f4550.asm
                 PIR1bits   0x000f9e       data     extern C:\MCC18\SRC\TRADIT~1\PROC\p18f4550.asm
                     PIR2   0x000fa1       data     extern C:\MCC18\SRC\TRADIT~1\PROC\p18f4550.asm
                 PIR2bits   0x000fa1       data     extern C:\MCC18\SRC\TRADIT~1\PROC\p18f4550.asm
                   PLUSW0   0x000feb       data     extern C:\MCC18\SRC\TRADIT~1\PROC\p18f4550.asm
                   PLUSW1   0x000fe3       data     extern C:\MCC18\SRC\TRADIT~1\PROC\p18f4550.asm
                   PLUSW2   0x000fdb       data     extern C:\MCC18\SRC\TRADIT~1\PROC\p18f4550.asm
                    PORTA   0x000f80       data     extern C:\MCC18\SRC\TRADIT~1\PROC\p18f4550.asm
                PORTAbits   0x000f80       data     extern C:\MCC18\SRC\TRADIT~1\PROC\p18f4550.asm
                    PORTB   0x000f81       data     extern C:\MCC18\SRC\TRADIT~1\PROC\p18f4550.asm
                PORTBbits   0x000f81       data     extern C:\MCC18\SRC\TRADIT~1\PROC\p18f4550.asm
                    PORTC   0x000f82       data     extern C:\MCC18\SRC\TRADIT~1\PROC\p18f4550.asm
                PORTCbits   0x000f82       data     extern C:\MCC18\SRC\TRADIT~1\PROC\p18f4550.asm
                    PORTD   0x000f83       data     extern C:\MCC18\SRC\TRADIT~1\PROC\p18f4550.asm
                PORTDbits   0x000f83       data     extern C:\MCC18\SRC\TRADIT~1\PROC\p18f4550.asm
                    PORTE   0x000f84       data     extern C:\MCC18\SRC\TRADIT~1\PROC\p18f4550.asm
                PORTEbits   0x000f84       data     extern C:\MCC18\SRC\TRADIT~1\PROC\p18f4550.asm
                 POSTDEC0   0x000fed       data     extern C:\MCC18\SRC\TRADIT~1\PROC\p18f4550.asm
                 POSTDEC1   0x000fe5       data     extern C:\MCC18\SRC\TRADIT~1\PROC\p18f4550.asm
                 POSTDEC2   0x000fdd       data     extern C:\MCC18\SRC\TRADIT~1\PROC\p18f4550.asm
                 POSTINC0   0x000fee       data     extern C:\MCC18\SRC\TRADIT~1\PROC\p18f4550.asm
                 POSTINC1   0x000fe6       data     extern C:\MCC18\SRC\TRADIT~1\PROC\p18f4550.asm
                 POSTINC2   0x000fde       data     extern C:\MCC18\SRC\TRADIT~1\PROC\p18f4550.asm
                      PR2   0x000fcb       data     extern C:\MCC18\SRC\TRADIT~1\PROC\p18f4550.asm
                  PREINC0   0x000fec       data     extern C:\MCC18\SRC\TRADIT~1\PROC\p18f4550.asm
                  PREINC1   0x000fe4       data     extern C:\MCC18\SRC\TRADIT~1\PROC\p18f4550.asm
                  PREINC2   0x000fdc       data     extern C:\MCC18\SRC\TRADIT~1\PROC\p18f4550.asm
                     PROD   0x000ff3       data     extern C:\MCC18\SRC\TRADIT~1\PROC\p18f4550.asm
                    PRODH   0x000ff4       data     extern C:\MCC18\SRC\TRADIT~1\PROC\p18f4550.asm
                    PRODL   0x000ff3       data     extern C:\MCC18\SRC\TRADIT~1\PROC\p18f4550.asm
              QR_FB_ERROR   0x0000dd       data     extern G:\OLD PC C DRIVE\SALMAN_C\Desktop\ScannerJigV3\ACTJv20(RJSR)\SBC_Rpi.c
                  QR_TOUT   0x0000df       data     extern G:\OLD PC C DRIVE\SALMAN_C\Desktop\ScannerJigV3\ACTJv20(RJSR)\SBC_Rpi.c
                     RCON   0x000fd0       data     extern C:\MCC18\SRC\TRADIT~1\PROC\p18f4550.asm
                 RCONbits   0x000fd0       data     extern C:\MCC18\SRC\TRADIT~1\PROC\p18f4550.asm
                    RCREG   0x000fae       data     extern C:\MCC18\SRC\TRADIT~1\PROC\p18f4550.asm
                    RCSTA   0x000fab       data     extern C:\MCC18\SRC\TRADIT~1\PROC\p18f4550.asm
                RCSTAbits   0x000fab       data     extern C:\MCC18\SRC\TRADIT~1\PROC\p18f4550.asm
             READER_ERROR   0x0000d9       data     extern G:\OLD PC C DRIVE\SALMAN_C\Desktop\ScannerJigV3\ACTJv20(RJSR)\SBC_Rpi.c
                       RS   0x0000e4       data     extern G:\OLD PC C DRIVE\SALMAN_C\Desktop\ScannerJigV3\ACTJv20(RJSR)\i2c_lcd.c
             RtryValve_HF   0x0000e6       data     extern G:\OLD PC C DRIVE\SALMAN_C\Desktop\ScannerJigV3\ACTJv20(RJSR)\Main_PCR.c
                     SIGN   0x000000       data     extern C:\MCC18\SRC\TRADIT~1\MATH\cmath18.asm
                    SPBRG   0x000faf       data     extern C:\MCC18\SRC\TRADIT~1\PROC\p18f4550.asm
                   SPBRGH   0x000fb0       data     extern C:\MCC18\SRC\TRADIT~1\PROC\p18f4550.asm
                   SPPCFG   0x000f63       data     extern C:\MCC18\SRC\TRADIT~1\PROC\p18f4550.asm
               SPPCFGbits   0x000f63       data     extern C:\MCC18\SRC\TRADIT~1\PROC\p18f4550.asm
                   SPPCON   0x000f65       data     extern C:\MCC18\SRC\TRADIT~1\PROC\p18f4550.asm
               SPPCONbits   0x000f65       data     extern C:\MCC18\SRC\TRADIT~1\PROC\p18f4550.asm
                  SPPDATA   0x000f62       data     extern C:\MCC18\SRC\TRADIT~1\PROC\p18f4550.asm
                   SPPEPS   0x000f64       data     extern C:\MCC18\SRC\TRADIT~1\PROC\p18f4550.asm
               SPPEPSbits   0x000f64       data     extern C:\MCC18\SRC\TRADIT~1\PROC\p18f4550.asm
                   SSPADD   0x000fc8       data     extern C:\MCC18\SRC\TRADIT~1\PROC\p18f4550.asm
                   SSPBUF   0x000fc9       data     extern C:\MCC18\SRC\TRADIT~1\PROC\p18f4550.asm
                  SSPCON1   0x000fc6       data     extern C:\MCC18\SRC\TRADIT~1\PROC\p18f4550.asm
              SSPCON1bits   0x000fc6       data     extern C:\MCC18\SRC\TRADIT~1\PROC\p18f4550.asm
                  SSPCON2   0x000fc5       data     extern C:\MCC18\SRC\TRADIT~1\PROC\p18f4550.asm
              SSPCON2bits   0x000fc5       data     extern C:\MCC18\SRC\TRADIT~1\PROC\p18f4550.asm
                  SSPSTAT   0x000fc7       data     extern C:\MCC18\SRC\TRADIT~1\PROC\p18f4550.asm
              SSPSTATbits   0x000fc7       data     extern C:\MCC18\SRC\TRADIT~1\PROC\p18f4550.asm
                   STATUS   0x000fd8       data     extern C:\MCC18\SRC\TRADIT~1\PROC\p18f4550.asm
               STATUSbits   0x000fd8       data     extern C:\MCC18\SRC\TRADIT~1\PROC\p18f4550.asm
                   STKPTR   0x000ffc       data     extern C:\MCC18\SRC\TRADIT~1\PROC\p18f4550.asm
               STKPTRbits   0x000ffc       data     extern C:\MCC18\SRC\TRADIT~1\PROC\p18f4550.asm
                    T0CON   0x000fd5       data     extern C:\MCC18\SRC\TRADIT~1\PROC\p18f4550.asm
                T0CONbits   0x000fd5       data     extern C:\MCC18\SRC\TRADIT~1\PROC\p18f4550.asm
                    T1CON   0x000fcd       data     extern C:\MCC18\SRC\TRADIT~1\PROC\p18f4550.asm
                T1CONbits   0x000fcd       data     extern C:\MCC18\SRC\TRADIT~1\PROC\p18f4550.asm
                    T2CON   0x000fca       data     extern C:\MCC18\SRC\TRADIT~1\PROC\p18f4550.asm
                T2CONbits   0x000fca       data     extern C:\MCC18\SRC\TRADIT~1\PROC\p18f4550.asm
                    T3CON   0x000fb1       data     extern C:\MCC18\SRC\TRADIT~1\PROC\p18f4550.asm
                T3CONbits   0x000fb1       data     extern C:\MCC18\SRC\TRADIT~1\PROC\p18f4550.asm
                   TABLAT   0x000ff5       data     extern C:\MCC18\SRC\TRADIT~1\PROC\p18f4550.asm
                   TBLPTR   0x000ff6       data     extern C:\MCC18\SRC\TRADIT~1\PROC\p18f4550.asm
                  TBLPTRH   0x000ff7       data     extern C:\MCC18\SRC\TRADIT~1\PROC\p18f4550.asm
                  TBLPTRL   0x000ff6       data     extern C:\MCC18\SRC\TRADIT~1\PROC\p18f4550.asm
                  TBLPTRU   0x000ff8       data     extern C:\MCC18\SRC\TRADIT~1\PROC\p18f4550.asm
                       TM   0x0000aa       data     extern G:\OLD PC C DRIVE\SALMAN_C\Desktop\ScannerJigV3\ACTJv20(RJSR)\Main_PCR.c
                    TMR0H   0x000fd7       data     extern C:\MCC18\SRC\TRADIT~1\PROC\p18f4550.asm
                    TMR0L   0x000fd6       data     extern C:\MCC18\SRC\TRADIT~1\PROC\p18f4550.asm
                    TMR1H   0x000fcf       data     extern C:\MCC18\SRC\TRADIT~1\PROC\p18f4550.asm
                    TMR1L   0x000fce       data     extern C:\MCC18\SRC\TRADIT~1\PROC\p18f4550.asm
                     TMR2   0x000fcc       data     extern C:\MCC18\SRC\TRADIT~1\PROC\p18f4550.asm
                    TMR3H   0x000fb3       data     extern C:\MCC18\SRC\TRADIT~1\PROC\p18f4550.asm
                    TMR3L   0x000fb2       data     extern C:\MCC18\SRC\TRADIT~1\PROC\p18f4550.asm
                      TOS   0x000ffd       data     extern C:\MCC18\SRC\TRADIT~1\PROC\p18f4550.asm
                     TOSH   0x000ffe       data     extern C:\MCC18\SRC\TRADIT~1\PROC\p18f4550.asm
                     TOSL   0x000ffd       data     extern C:\MCC18\SRC\TRADIT~1\PROC\p18f4550.asm
                     TOSU   0x000fff       data     extern C:\MCC18\SRC\TRADIT~1\PROC\p18f4550.asm
                    TRISA   0x000f92       data     extern C:\MCC18\SRC\TRADIT~1\PROC\p18f4550.asm
                TRISAbits   0x000f92       data     extern C:\MCC18\SRC\TRADIT~1\PROC\p18f4550.asm
                    TRISB   0x000f93       data     extern C:\MCC18\SRC\TRADIT~1\PROC\p18f4550.asm
                TRISBbits   0x000f93       data     extern C:\MCC18\SRC\TRADIT~1\PROC\p18f4550.asm
                    TRISC   0x000f94       data     extern C:\MCC18\SRC\TRADIT~1\PROC\p18f4550.asm
                TRISCbits   0x000f94       data     extern C:\MCC18\SRC\TRADIT~1\PROC\p18f4550.asm
                    TRISD   0x000f95       data     extern C:\MCC18\SRC\TRADIT~1\PROC\p18f4550.asm
                TRISDbits   0x000f95       data     extern C:\MCC18\SRC\TRADIT~1\PROC\p18f4550.asm
                    TRISE   0x000f96       data     extern C:\MCC18\SRC\TRADIT~1\PROC\p18f4550.asm
                TRISEbits   0x000f96       data     extern C:\MCC18\SRC\TRADIT~1\PROC\p18f4550.asm
                    TXREG   0x000fad       data     extern C:\MCC18\SRC\TRADIT~1\PROC\p18f4550.asm
                    TXSTA   0x000fac       data     extern C:\MCC18\SRC\TRADIT~1\PROC\p18f4550.asm
                TXSTAbits   0x000fac       data     extern C:\MCC18\SRC\TRADIT~1\PROC\p18f4550.asm
                    Test1   0x0000e3       data     static G:\OLD PC C DRIVE\SALMAN_C\Desktop\ScannerJigV3\ACTJv20(RJSR)\SBC_Rpi.c
                    UADDR   0x000f6e       data     extern C:\MCC18\SRC\TRADIT~1\PROC\p18f4550.asm
                UADDRbits   0x000f6e       data     extern C:\MCC18\SRC\TRADIT~1\PROC\p18f4550.asm
                     UCFG   0x000f6f       data     extern C:\MCC18\SRC\TRADIT~1\PROC\p18f4550.asm
                 UCFGbits   0x000f6f       data     extern C:\MCC18\SRC\TRADIT~1\PROC\p18f4550.asm
                     UCON   0x000f6d       data     extern C:\MCC18\SRC\TRADIT~1\PROC\p18f4550.asm
                 UCONbits   0x000f6d       data     extern C:\MCC18\SRC\TRADIT~1\PROC\p18f4550.asm
                     UEIE   0x000f6b       data     extern C:\MCC18\SRC\TRADIT~1\PROC\p18f4550.asm
                 UEIEbits   0x000f6b       data     extern C:\MCC18\SRC\TRADIT~1\PROC\p18f4550.asm
                     UEIR   0x000f6a       data     extern C:\MCC18\SRC\TRADIT~1\PROC\p18f4550.asm
                 UEIRbits   0x000f6a       data     extern C:\MCC18\SRC\TRADIT~1\PROC\p18f4550.asm
                     UEP0   0x000f70       data     extern C:\MCC18\SRC\TRADIT~1\PROC\p18f4550.asm
                 UEP0bits   0x000f70       data     extern C:\MCC18\SRC\TRADIT~1\PROC\p18f4550.asm
                     UEP1   0x000f71       data     extern C:\MCC18\SRC\TRADIT~1\PROC\p18f4550.asm
                    UEP10   0x000f7a       data     extern C:\MCC18\SRC\TRADIT~1\PROC\p18f4550.asm
                UEP10bits   0x000f7a       data     extern C:\MCC18\SRC\TRADIT~1\PROC\p18f4550.asm
                    UEP11   0x000f7b       data     extern C:\MCC18\SRC\TRADIT~1\PROC\p18f4550.asm
                UEP11bits   0x000f7b       data     extern C:\MCC18\SRC\TRADIT~1\PROC\p18f4550.asm
                    UEP12   0x000f7c       data     extern C:\MCC18\SRC\TRADIT~1\PROC\p18f4550.asm
                UEP12bits   0x000f7c       data     extern C:\MCC18\SRC\TRADIT~1\PROC\p18f4550.asm
                    UEP13   0x000f7d       data     extern C:\MCC18\SRC\TRADIT~1\PROC\p18f4550.asm
                UEP13bits   0x000f7d       data     extern C:\MCC18\SRC\TRADIT~1\PROC\p18f4550.asm
                    UEP14   0x000f7e       data     extern C:\MCC18\SRC\TRADIT~1\PROC\p18f4550.asm
                UEP14bits   0x000f7e       data     extern C:\MCC18\SRC\TRADIT~1\PROC\p18f4550.asm
                    UEP15   0x000f7f       data     extern C:\MCC18\SRC\TRADIT~1\PROC\p18f4550.asm
                UEP15bits   0x000f7f       data     extern C:\MCC18\SRC\TRADIT~1\PROC\p18f4550.asm
                 UEP1bits   0x000f71       data     extern C:\MCC18\SRC\TRADIT~1\PROC\p18f4550.asm
                     UEP2   0x000f72       data     extern C:\MCC18\SRC\TRADIT~1\PROC\p18f4550.asm
                 UEP2bits   0x000f72       data     extern C:\MCC18\SRC\TRADIT~1\PROC\p18f4550.asm
                     UEP3   0x000f73       data     extern C:\MCC18\SRC\TRADIT~1\PROC\p18f4550.asm
                 UEP3bits   0x000f73       data     extern C:\MCC18\SRC\TRADIT~1\PROC\p18f4550.asm
                     UEP4   0x000f74       data     extern C:\MCC18\SRC\TRADIT~1\PROC\p18f4550.asm
                 UEP4bits   0x000f74       data     extern C:\MCC18\SRC\TRADIT~1\PROC\p18f4550.asm
                     UEP5   0x000f75       data     extern C:\MCC18\SRC\TRADIT~1\PROC\p18f4550.asm
                 UEP5bits   0x000f75       data     extern C:\MCC18\SRC\TRADIT~1\PROC\p18f4550.asm
                     UEP6   0x000f76       data     extern C:\MCC18\SRC\TRADIT~1\PROC\p18f4550.asm
                 UEP6bits   0x000f76       data     extern C:\MCC18\SRC\TRADIT~1\PROC\p18f4550.asm
                     UEP7   0x000f77       data     extern C:\MCC18\SRC\TRADIT~1\PROC\p18f4550.asm
                 UEP7bits   0x000f77       data     extern C:\MCC18\SRC\TRADIT~1\PROC\p18f4550.asm
                     UEP8   0x000f78       data     extern C:\MCC18\SRC\TRADIT~1\PROC\p18f4550.asm
                 UEP8bits   0x000f78       data     extern C:\MCC18\SRC\TRADIT~1\PROC\p18f4550.asm
                     UEP9   0x000f79       data     extern C:\MCC18\SRC\TRADIT~1\PROC\p18f4550.asm
                 UEP9bits   0x000f79       data     extern C:\MCC18\SRC\TRADIT~1\PROC\p18f4550.asm
                     UFRM   0x000f66       data     extern C:\MCC18\SRC\TRADIT~1\PROC\p18f4550.asm
                    UFRMH   0x000f67       data     extern C:\MCC18\SRC\TRADIT~1\PROC\p18f4550.asm
                UFRMHbits   0x000f67       data     extern C:\MCC18\SRC\TRADIT~1\PROC\p18f4550.asm
                    UFRML   0x000f66       data     extern C:\MCC18\SRC\TRADIT~1\PROC\p18f4550.asm
                UFRMLbits   0x000f66       data     extern C:\MCC18\SRC\TRADIT~1\PROC\p18f4550.asm
                      UIE   0x000f69       data     extern C:\MCC18\SRC\TRADIT~1\PROC\p18f4550.asm
                  UIEbits   0x000f69       data     extern C:\MCC18\SRC\TRADIT~1\PROC\p18f4550.asm
                      UIR   0x000f68       data     extern C:\MCC18\SRC\TRADIT~1\PROC\p18f4550.asm
                  UIRbits   0x000f68       data     extern C:\MCC18\SRC\TRADIT~1\PROC\p18f4550.asm
                    USTAT   0x000f6c       data     extern C:\MCC18\SRC\TRADIT~1\PROC\p18f4550.asm
                USTATbits   0x000f6c       data     extern C:\MCC18\SRC\TRADIT~1\PROC\p18f4550.asm
                   WDTCON   0x000fd1       data     extern C:\MCC18\SRC\TRADIT~1\PROC\p18f4550.asm
               WDTCONbits   0x000fd1       data     extern C:\MCC18\SRC\TRADIT~1\PROC\p18f4550.asm
                     WREG   0x000fe8       data     extern C:\MCC18\SRC\TRADIT~1\PROC\p18f4550.asm
                 __AARGB0   0x000009       data     extern C:\MCC18\SRC\TRADIT~1\MATH\aarg.asm
                 __AARGB1   0x000008       data     extern C:\MCC18\SRC\TRADIT~1\MATH\aarg.asm
                 __AARGB2   0x000007       data     extern C:\MCC18\SRC\TRADIT~1\MATH\aarg.asm
                 __AARGB3   0x000006       data     extern C:\MCC18\SRC\TRADIT~1\MATH\aarg.asm
                 __AARGB4   0x000005       data     extern C:\MCC18\SRC\TRADIT~1\MATH\aarg.asm
                 __AARGB5   0x000004       data     extern C:\MCC18\SRC\TRADIT~1\MATH\aarg.asm
                 __AARGB6   0x000003       data     extern C:\MCC18\SRC\TRADIT~1\MATH\aarg.asm
                 __AARGB7   0x000002       data     extern C:\MCC18\SRC\TRADIT~1\MATH\aarg.asm
                   __AEXP   0x00000a       data     extern C:\MCC18\SRC\TRADIT~1\MATH\aarg.asm
                 __BARGB0   0x00000e       data     extern C:\MCC18\SRC\TRADIT~1\MATH\barg.asm
                 __BARGB1   0x00000d       data     extern C:\MCC18\SRC\TRADIT~1\MATH\barg.asm
                 __BARGB2   0x00000c       data     extern C:\MCC18\SRC\TRADIT~1\MATH\barg.asm
                 __BARGB3   0x00000b       data     extern C:\MCC18\SRC\TRADIT~1\MATH\barg.asm
                   __BEXP   0x00000f       data     extern C:\MCC18\SRC\TRADIT~1\MATH\barg.asm
                __FPFLAGS   0x000001       data     extern C:\MCC18\SRC\TRADIT~1\MATH\cmath18.asm
            __FPFLAGSbits   0x000001       data     extern C:\MCC18\SRC\TRADIT~1\MATH\cmath18.asm
                  __REMB0   0x000005       data     extern C:\MCC18\SRC\TRADIT~1\MATH\aarg.asm
                  __REMB1   0x000004       data     extern C:\MCC18\SRC\TRADIT~1\MATH\aarg.asm
                  __REMB2   0x000003       data     extern C:\MCC18\SRC\TRADIT~1\MATH\aarg.asm
                  __REMB3   0x000002       data     extern C:\MCC18\SRC\TRADIT~1\MATH\aarg.asm
                   __TEMP   0x000013       data     extern C:\MCC18\SRC\TRADIT~1\MATH\temparg.asm
                 __TEMPB0   0x000013       data     extern C:\MCC18\SRC\TRADIT~1\MATH\temparg.asm
                 __TEMPB1   0x000012       data     extern C:\MCC18\SRC\TRADIT~1\MATH\temparg.asm
                 __TEMPB2   0x000011       data     extern C:\MCC18\SRC\TRADIT~1\MATH\temparg.asm
                 __TEMPB3   0x000010       data     extern C:\MCC18\SRC\TRADIT~1\MATH\temparg.asm
                  __tmp_0   0x000014       data     static G:\OLD PC C DRIVE\SALMAN_C\Desktop\ScannerJigV3\ACTJv20(RJSR)\Main_PCR.c
                  __tmp_0   0x000014       data     static G:\OLD PC C DRIVE\SALMAN_C\Desktop\ScannerJigV3\ACTJv20(RJSR)\Functions.c
                  __tmp_0   0x000014       data     static G:\OLD PC C DRIVE\SALMAN_C\Desktop\ScannerJigV3\ACTJv20(RJSR)\i2c_lcd.c
                  __tmp_0   0x000014       data     static G:\OLD PC C DRIVE\SALMAN_C\Desktop\ScannerJigV3\ACTJv20(RJSR)\SBC_Rpi.c
                  __tmp_0   0x000014       data     static G:\OLD PC C DRIVE\SALMAN_C\Desktop\ScannerJigV3\ACTJv20(RJSR)\service.c
            backlight_val   0x0000ea       data     extern G:\OLD PC C DRIVE\SALMAN_C\Desktop\ScannerJigV3\ACTJv20(RJSR)\i2c_lcd.c
                     cont   0x0000c3       data     extern G:\OLD PC C DRIVE\SALMAN_C\Desktop\ScannerJigV3\ACTJv20(RJSR)\Functions.c
          cont_err_string   0x0000b9       data     extern G:\OLD PC C DRIVE\SALMAN_C\Desktop\ScannerJigV3\ACTJv20(RJSR)\Main_PCR.c
                    count   0x0000b0       data     extern G:\OLD PC C DRIVE\SALMAN_C\Desktop\ScannerJigV3\ACTJv20(RJSR)\Main_PCR.c
                curr_byte   0x0000d1       data     static C:\MCC18\src\traditional\startup\c018i.c
               curr_entry   0x0000d3       data     static C:\MCC18\src\traditional\startup\c018i.c
       current_adc_offset   0x0000e8       data     static G:\OLD PC C DRIVE\SALMAN_C\Desktop\ScannerJigV3\ACTJv20(RJSR)\service.c
                 data_ptr   0x0000d5       data     static C:\MCC18\src\traditional\startup\c018i.c
               error_type   0x0000e7       data     extern G:\OLD PC C DRIVE\SALMAN_C\Desktop\ScannerJigV3\ACTJv20(RJSR)\Main_PCR.c
                 i2c_addr   0x0000e5       data     extern G:\OLD PC C DRIVE\SALMAN_C\Desktop\ScannerJigV3\ACTJv20(RJSR)\i2c_lcd.c
               pass_count   0x0000b4       data     extern G:\OLD PC C DRIVE\SALMAN_C\Desktop\ScannerJigV3\ACTJv20(RJSR)\Main_PCR.c
          press_sm_string   0x0000bb       data     extern G:\OLD PC C DRIVE\SALMAN_C\Desktop\ScannerJigV3\ACTJv20(RJSR)\Main_PCR.c
                     prom   0x0000ce       data     static C:\MCC18\src\traditional\startup\c018i.c
              qr_disabled   0x0000e2       data     extern G:\OLD PC C DRIVE\SALMAN_C\Desktop\ScannerJigV3\ACTJv20(RJSR)\SBC_Rpi.c
              reject_flag   0x0000bd       data     extern G:\OLD PC C DRIVE\SALMAN_C\Desktop\ScannerJigV3\ACTJv20(RJSR)\Main_PCR.c
           sV1FT_ACW_FAIL   0x000068       data     extern G:\OLD PC C DRIVE\SALMAN_C\Desktop\ScannerJigV3\ACTJv20(RJSR)\Functions.c
[...]
                UEP10bits   0x000f7a       data     extern C:\MCC18\SRC\TRADIT~1\PROC\p18f4550.asm
                    UEP11   0x000f7b       data     extern C:\MCC18\SRC\TRADIT~1\PROC\p18f4550.asm
                UEP11bits   0x000f7b       data     extern C:\MCC18\SRC\TRADIT~1\PROC\p18f4550.asm
                    UEP12   0x000f7c       data     extern C:\MCC18\SRC\TRADIT~1\PROC\p18f4550.asm
                UEP12bits   0x000f7c       data     extern C:\MCC18\SRC\TRADIT~1\PROC\p18f4550.asm
                UEP13bits   0x000f7d       data     extern C:\MCC18\SRC\TRADIT~1\PROC\p18f4550.asm
                    UEP13   0x000f7d       data     extern C:\MCC18\SRC\TRADIT~1\PROC\p18f4550.asm
                UEP14bits   0x000f7e       data     extern C:\MCC18\SRC\TRADIT~1\PROC\p18f4550.asm
                    UEP14   0x000f7e       data     extern C:\MCC18\SRC\TRADIT~1\PROC\p18f4550.asm
                    UEP15   0x000f7f       data     extern C:\MCC18\SRC\TRADIT~1\PROC\p18f4550.asm
                UEP15bits   0x000f7f       data     extern C:\MCC18\SRC\TRADIT~1\PROC\p18f4550.asm
                PORTAbits   0x000f80       data     extern C:\MCC18\SRC\TRADIT~1\PROC\p18f4550.asm
                    PORTA   0x000f80       data     extern C:\MCC18\SRC\TRADIT~1\PROC\p18f4550.asm
                PORTBbits   0x000f81       data     extern C:\MCC18\SRC\TRADIT~1\PROC\p18f4550.asm
                    PORTB   0x000f81       data     extern C:\MCC18\SRC\TRADIT~1\PROC\p18f4550.asm
                    PORTC   0x000f82       data     extern C:\MCC18\SRC\TRADIT~1\PROC\p18f4550.asm
                PORTCbits   0x000f82       data     extern C:\MCC18\SRC\TRADIT~1\PROC\p18f4550.asm
                    PORTD   0x000f83       data     extern C:\MCC18\SRC\TRADIT~1\PROC\p18f4550.asm
                PORTDbits   0x000f83       data     extern C:\MCC18\SRC\TRADIT~1\PROC\p18f4550.asm
                    PORTE   0x000f84       data     extern C:\MCC18\SRC\TRADIT~1\PROC\p18f4550.asm
                PORTEbits   0x000f84       data     extern C:\MCC18\SRC\TRADIT~1\PROC\p18f4550.asm
                     LATA   0x000f89       data     extern C:\MCC18\SRC\TRADIT~1\PROC\p18f4550.asm
                 LATAbits   0x000f89       data     extern C:\MCC18\SRC\TRADIT~1\PROC\p18f4550.asm
                     LATB   0x000f8a       data     extern C:\MCC18\SRC\TRADIT~1\PROC\p18f4550.asm
                 LATBbits   0x000f8a       data     extern C:\MCC18\SRC\TRADIT~1\PROC\p18f4550.asm
                     LATC   0x000f8b       data     extern C:\MCC18\SRC\TRADIT~1\PROC\p18f4550.asm
                 LATCbits   0x000f8b       data     extern C:\MCC18\SRC\TRADIT~1\PROC\p18f4550.asm
                     LATD   0x000f8c       data     extern C:\MCC18\SRC\TRADIT~1\PROC\p18f4550.asm
                 LATDbits   0x000f8c       data     extern C:\MCC18\SRC\TRADIT~1\PROC\p18f4550.asm
                 LATEbits   0x000f8d       data     extern C:\MCC18\SRC\TRADIT~1\PROC\p18f4550.asm
                     LATE   0x000f8d       data     extern C:\MCC18\SRC\TRADIT~1\PROC\p18f4550.asm
                    TRISA   0x000f92       data     extern C:\MCC18\SRC\TRADIT~1\PROC\p18f4550.asm
                TRISAbits   0x000f92       data     extern C:\MCC18\SRC\TRADIT~1\PROC\p18f4550.asm
                     DDRA   0x000f92       data     extern C:\MCC18\SRC\TRADIT~1\PROC\p18f4550.asm
                 DDRAbits   0x000f92       data     extern C:\MCC18\SRC\TRADIT~1\PROC\p18f4550.asm
                    TRISB   0x000f93       data     extern C:\MCC18\SRC\TRADIT~1\PROC\p18f4550.asm
                TRISBbits   0x000f93       data     extern C:\MCC18\SRC\TRADIT~1\PROC\p18f4550.asm
                     DDRB   0x000f93       data     extern C:\MCC18\SRC\TRADIT~1\PROC\p18f4550.asm
                 DDRBbits   0x000f93       data     extern C:\MCC18\SRC\TRADIT~1\PROC\p18f4550.asm
                     DDRC   0x000f94       data     extern C:\MCC18\SRC\TRADIT~1\PROC\p18f4550.asm
                 DDRCbits   0x000f94       data     extern C:\MCC18\SRC\TRADIT~1\PROC\p18f4550.asm
                    TRISC   0x000f94       data     extern C:\MCC18\SRC\TRADIT~1\PROC\p18f4550.asm
                TRISCbits   0x000f94       data     extern C:\MCC18\SRC\TRADIT~1\PROC\p18f4550.asm
                    TRISD   0x000f95       data     extern C:\MCC18\SRC\TRADIT~1\PROC\p18f4550.asm
                TRISDbits   0x000f95       data     extern C:\MCC18\SRC\TRADIT~1\PROC\p18f4550.asm
                 DDRDbits   0x000f95       data     extern C:\MCC18\SRC\TRADIT~1\PROC\p18f4550.asm
                     DDRD   0x000f95       data     extern C:\MCC18\SRC\TRADIT~1\PROC\p18f4550.asm
                TRISEbits   0x000f96       data     extern C:\MCC18\SRC\TRADIT~1\PROC\p18f4550.asm
                    TRISE   0x000f96       data     extern C:\MCC18\SRC\TRADIT~1\PROC\p18f4550.asm
                     DDRE   0x000f96       data     extern C:\MCC18\SRC\TRADIT~1\PROC\p18f4550.asm
                 DDREbits   0x000f96       data     extern C:\MCC18\SRC\TRADIT~1\PROC\p18f4550.asm
              OSCTUNEbits   0x000f9b       data     extern C:\MCC18\SRC\TRADIT~1\PROC\p18f4550.asm
                  OSCTUNE   0x000f9b       data     extern C:\MCC18\SRC\TRADIT~1\PROC\p18f4550.asm
                 PIE1bits   0x000f9d       data     extern C:\MCC18\SRC\TRADIT~1\PROC\p18f4550.asm
                     PIE1   0x000f9d       data     extern C:\MCC18\SRC\TRADIT~1\PROC\p18f4550.asm
                 PIR1bits   0x000f9e       data     extern C:\MCC18\SRC\TRADIT~1\PROC\p18f4550.asm
                     PIR1   0x000f9e       data     extern C:\MCC18\SRC\TRADIT~1\PROC\p18f4550.asm
                 IPR1bits   0x000f9f       data     extern C:\MCC18\SRC\TRADIT~1\PROC\p18f4550.asm
                     IPR1   0x000f9f       data     extern C:\MCC18\SRC\TRADIT~1\PROC\p18f4550.asm
                     PIE2   0x000fa0       data     extern C:\MCC18\SRC\TRADIT~1\PROC\p18f4550.asm
                 PIE2bits   0x000fa0       data     extern C:\MCC18\SRC\TRADIT~1\PROC\p18f4550.asm
                     PIR2   0x000fa1       data     extern C:\MCC18\SRC\TRADIT~1\PROC\p18f4550.asm
                 PIR2bits   0x000fa1       data     extern C:\MCC18\SRC\TRADIT~1\PROC\p18f4550.asm
                 IPR2bits   0x000fa2       data     extern C:\MCC18\SRC\TRADIT~1\PROC\p18f4550.asm
                     IPR2   0x000fa2       data     extern C:\MCC18\SRC\TRADIT~1\PROC\p18f4550.asm
               EECON1bits   0x000fa6       data     extern C:\MCC18\SRC\TRADIT~1\PROC\p18f4550.asm
                   EECON1   0x000fa6       data     extern C:\MCC18\SRC\TRADIT~1\PROC\p18f4550.asm
                   EECON2   0x000fa7       data     extern C:\MCC18\SRC\TRADIT~1\PROC\p18f4550.asm
                   EEDATA   0x000fa8       data     extern C:\MCC18\SRC\TRADIT~1\PROC\p18f4550.asm
                    EEADR   0x000fa9       data     extern C:\MCC18\SRC\TRADIT~1\PROC\p18f4550.asm
                RCSTAbits   0x000fab       data     extern C:\MCC18\SRC\TRADIT~1\PROC\p18f4550.asm
                    RCSTA   0x000fab       data     extern C:\MCC18\SRC\TRADIT~1\PROC\p18f4550.asm
                TXSTAbits   0x000fac       data     extern C:\MCC18\SRC\TRADIT~1\PROC\p18f4550.asm
                    TXSTA   0x000fac       data     extern C:\MCC18\SRC\TRADIT~1\PROC\p18f4550.asm
                    TXREG   0x000fad       data     extern C:\MCC18\SRC\TRADIT~1\PROC\p18f4550.asm
                    RCREG   0x000fae       data     extern C:\MCC18\SRC\TRADIT~1\PROC\p18f4550.asm
                    SPBRG   0x000faf       data     extern C:\MCC18\SRC\TRADIT~1\PROC\p18f4550.asm
                   SPBRGH   0x000fb0       data     extern C:\MCC18\SRC\TRADIT~1\PROC\p18f4550.asm
                T3CONbits   0x000fb1       data     extern C:\MCC18\SRC\TRADIT~1\PROC\p18f4550.asm
                    T3CON   0x000fb1       data     extern C:\MCC18\SRC\TRADIT~1\PROC\p18f4550.asm
                    TMR3L   0x000fb2       data     extern C:\MCC18\SRC\TRADIT~1\PROC\p18f4550.asm
                    TMR3H   0x000fb3       data     extern C:\MCC18\SRC\TRADIT~1\PROC\p18f4550.asm
                CMCONbits   0x000fb4       data     extern C:\MCC18\SRC\TRADIT~1\PROC\p18f4550.asm
                    CMCON   0x000fb4       data     extern C:\MCC18\SRC\TRADIT~1\PROC\p18f4550.asm
                   CVRCON   0x000fb5       data     extern C:\MCC18\SRC\TRADIT~1\PROC\p18f4550.asm
               CVRCONbits   0x000fb5       data     extern C:\MCC18\SRC\TRADIT~1\PROC\p18f4550.asm
                  ECCP1AS   0x000fb6       data     extern C:\MCC18\SRC\TRADIT~1\PROC\p18f4550.asm
               CCP1ASbits   0x000fb6       data     extern C:\MCC18\SRC\TRADIT~1\PROC\p18f4550.asm
                   CCP1AS   0x000fb6       data     extern C:\MCC18\SRC\TRADIT~1\PROC\p18f4550.asm
              ECCP1ASbits   0x000fb6       data     extern C:\MCC18\SRC\TRADIT~1\PROC\p18f4550.asm
             ECCP1DELbits   0x000fb7       data     extern C:\MCC18\SRC\TRADIT~1\PROC\p18f4550.asm
              CCP1DELbits   0x000fb7       data     extern C:\MCC18\SRC\TRADIT~1\PROC\p18f4550.asm
                  CCP1DEL   0x000fb7       data     extern C:\MCC18\SRC\TRADIT~1\PROC\p18f4550.asm
                 ECCP1DEL   0x000fb7       data     extern C:\MCC18\SRC\TRADIT~1\PROC\p18f4550.asm
              BAUDCONbits   0x000fb8       data     extern C:\MCC18\SRC\TRADIT~1\PROC\p18f4550.asm
                  BAUDCON   0x000fb8       data     extern C:\MCC18\SRC\TRADIT~1\PROC\p18f4550.asm
              CCP2CONbits   0x000fba       data     extern C:\MCC18\SRC\TRADIT~1\PROC\p18f4550.asm
                  CCP2CON   0x000fba       data     extern C:\MCC18\SRC\TRADIT~1\PROC\p18f4550.asm
                    CCPR2   0x000fbb       data     extern C:\MCC18\SRC\TRADIT~1\PROC\p18f4550.asm
                   CCPR2L   0x000fbb       data     extern C:\MCC18\SRC\TRADIT~1\PROC\p18f4550.asm
                   CCPR2H   0x000fbc       data     extern C:\MCC18\SRC\TRADIT~1\PROC\p18f4550.asm
                  CCP1CON   0x000fbd       data     extern C:\MCC18\SRC\TRADIT~1\PROC\p18f4550.asm
              CCP1CONbits   0x000fbd       data     extern C:\MCC18\SRC\TRADIT~1\PROC\p18f4550.asm
                 ECCP1CON   0x000fbd       data     extern C:\MCC18\SRC\TRADIT~1\PROC\p18f4550.asm
             ECCP1CONbits   0x000fbd       data     extern C:\MCC18\SRC\TRADIT~1\PROC\p18f4550.asm
                    CCPR1   0x000fbe       data     extern C:\MCC18\SRC\TRADIT~1\PROC\p18f4550.asm
                   CCPR1L   0x000fbe       data     extern C:\MCC18\SRC\TRADIT~1\PROC\p18f4550.asm
                   CCPR1H   0x000fbf       data     extern C:\MCC18\SRC\TRADIT~1\PROC\p18f4550.asm
                   ADCON2   0x000fc0       data     extern C:\MCC18\SRC\TRADIT~1\PROC\p18f4550.asm
               ADCON2bits   0x000fc0       data     extern C:\MCC18\SRC\TRADIT~1\PROC\p18f4550.asm
               ADCON1bits   0x000fc1       data     extern C:\MCC18\SRC\TRADIT~1\PROC\p18f4550.asm
                   ADCON1   0x000fc1       data     extern C:\MCC18\SRC\TRADIT~1\PROC\p18f4550.asm
                   ADCON0   0x000fc2       data     extern C:\MCC18\SRC\TRADIT~1\PROC\p18f4550.asm
               ADCON0bits   0x000fc2       data     extern C:\MCC18\SRC\TRADIT~1\PROC\p18f4550.asm
                    ADRES   0x000fc3       data     extern C:\MCC18\SRC\TRADIT~1\PROC\p18f4550.asm
                   ADRESL   0x000fc3       data     extern C:\MCC18\SRC\TRADIT~1\PROC\p18f4550.asm
                   ADRESH   0x000fc4       data     extern C:\MCC18\SRC\TRADIT~1\PROC\p18f4550.asm
                  SSPCON2   0x000fc5       data     extern C:\MCC18\SRC\TRADIT~1\PROC\p18f4550.asm
              SSPCON2bits   0x000fc5       data     extern C:\MCC18\SRC\TRADIT~1\PROC\p18f4550.asm
                  SSPCON1   0x000fc6       data     extern C:\MCC18\SRC\TRADIT~1\PROC\p18f4550.asm
              SSPCON1bits   0x000fc6       data     extern C:\MCC18\SRC\TRADIT~1\PROC\p18f4550.asm
                  SSPSTAT   0x000fc7       data     extern C:\MCC18\SRC\TRADIT~1\PROC\p18f4550.asm
              SSPSTATbits   0x000fc7       data     extern C:\MCC18\SRC\TRADIT~1\PROC\p18f4550.asm
                   SSPADD   0x000fc8       data     extern C:\MCC18\SRC\TRADIT~1\PROC\p18f4550.asm
                   SSPBUF   0x000fc9       data     extern C:\MCC18\SRC\TRADIT~1\PROC\p18f4550.asm
                T2CONbits   0x000fca       data     extern C:\MCC18\SRC\TRADIT~1\PROC\p18f4550.asm
                    T2CON   0x000fca       data     extern C:\MCC18\SRC\TRADIT~1\PROC\p18f4550.asm
                      PR2   0x000fcb       data     extern C:\MCC18\SRC\TRADIT~1\PROC\p18f4550.asm
                     TMR2   0x000fcc       data     extern C:\MCC18\SRC\TRADIT~1\PROC\p18f4550.asm
                T1CONbits   0x000fcd       data     extern C:\MCC18\SRC\TRADIT~1\PROC\p18f4550.asm
                    T1CON   0x000fcd       data     extern C:\MCC18\SRC\TRADIT~1\PROC\p18f4550.asm
                    TMR1L   0x000fce       data     extern C:\MCC18\SRC\TRADIT~1\PROC\p18f4550.asm
                    TMR1H   0x000fcf       data     extern C:\MCC18\SRC\TRADIT~1\PROC\p18f4550.asm
                     RCON   0x000fd0       data     extern C:\MCC18\SRC\TRADIT~1\PROC\p18f4550.asm
                 RCONbits   0x000fd0       data     extern C:\MCC18\SRC\TRADIT~1\PROC\p18f4550.asm
                   WDTCON   0x000fd1       data     extern C:\MCC18\SRC\TRADIT~1\PROC\p18f4550.asm
               WDTCONbits   0x000fd1       data     extern C:\MCC18\SRC\TRADIT~1\PROC\p18f4550.asm
               LVDCONbits   0x000fd2       data     extern C:\MCC18\SRC\TRADIT~1\PROC\p18f4550.asm
                   LVDCON   0x000fd2       data     extern C:\MCC18\SRC\TRADIT~1\PROC\p18f4550.asm
              HLVDCONbits   0x000fd2       data     extern C:\MCC18\SRC\TRADIT~1\PROC\p18f4550.asm
                  HLVDCON   0x000fd2       data     extern C:\MCC18\SRC\TRADIT~1\PROC\p18f4550.asm
               OSCCONbits   0x000fd3       data     extern C:\MCC18\SRC\TRADIT~1\PROC\p18f4550.asm
                   OSCCON   0x000fd3       data     extern C:\MCC18\SRC\TRADIT~1\PROC\p18f4550.asm
                    T0CON   0x000fd5       data     extern C:\MCC18\SRC\TRADIT~1\PROC\p18f4550.asm
                T0CONbits   0x000fd5       data     extern C:\MCC18\SRC\TRADIT~1\PROC\p18f4550.asm
                    TMR0L   0x000fd6       data     extern C:\MCC18\SRC\TRADIT~1\PROC\p18f4550.asm
                    TMR0H   0x000fd7       data     extern C:\MCC18\SRC\TRADIT~1\PROC\p18f4550.asm
               STATUSbits   0x000fd8       data     extern C:\MCC18\SRC\TRADIT~1\PROC\p18f4550.asm
                   STATUS   0x000fd8       data     extern C:\MCC18\SRC\TRADIT~1\PROC\p18f4550.asm
                    FSR2L   0x000fd9       data     extern C:\MCC18\SRC\TRADIT~1\PROC\p18f4550.asm
                     FSR2   0x000fd9       data     extern C:\MCC18\SRC\TRADIT~1\PROC\p18f4550.asm
                    FSR2H   0x000fda       data     extern C:\MCC18\SRC\TRADIT~1\PROC\p18f4550.asm
                   PLUSW2   0x000fdb       data     extern C:\MCC18\SRC\TRADIT~1\PROC\p18f4550.asm
                  PREINC2   0x000fdc       data     extern C:\MCC18\SRC\TRADIT~1\PROC\p18f4550.asm
                 POSTDEC2   0x000fdd       data     extern C:\MCC18\SRC\TRADIT~1\PROC\p18f4550.asm
                 POSTINC2   0x000fde       data     extern C:\MCC18\SRC\TRADIT~1\PROC\p18f4550.asm
                    INDF2   0x000fdf       data     extern C:\MCC18\SRC\TRADIT~1\PROC\p18f4550.asm
                      BSR   0x000fe0       data     extern C:\MCC18\SRC\TRADIT~1\PROC\p18f4550.asm
                     FSR1   0x000fe1       data     extern C:\MCC18\SRC\TRADIT~1\PROC\p18f4550.asm
                    FSR1L   0x000fe1       data     extern C:\MCC18\SRC\TRADIT~1\PROC\p18f4550.asm
                    FSR1H   0x000fe2       data     extern C:\MCC18\SRC\TRADIT~1\PROC\p18f4550.asm
                   PLUSW1   0x000fe3       data     extern C:\MCC18\SRC\TRADIT~1\PROC\p18f4550.asm
                  PREINC1   0x000fe4       data     extern C:\MCC18\SRC\TRADIT~1\PROC\p18f4550.asm
                 POSTDEC1   0x000fe5       data     extern C:\MCC18\SRC\TRADIT~1\PROC\p18f4550.asm
                 POSTINC1   0x000fe6       data     extern C:\MCC18\SRC\TRADIT~1\PROC\p18f4550.asm
                    INDF1   0x000fe7       data     extern C:\MCC18\SRC\TRADIT~1\PROC\p18f4550.asm
                     WREG   0x000fe8       data     extern C:\MCC18\SRC\TRADIT~1\PROC\p18f4550.asm
                     FSR0   0x000fe9       data     extern C:\MCC18\SRC\TRADIT~1\PROC\p18f4550.asm
                    FSR0L   0x000fe9       data     extern C:\MCC18\SRC\TRADIT~1\PROC\p18f4550.asm
                    FSR0H   0x000fea       data     extern C:\MCC18\SRC\TRADIT~1\PROC\p18f4550.asm
                   PLUSW0   0x000feb       data     extern C:\MCC18\SRC\TRADIT~1\PROC\p18f4550.asm
                  PREINC0   0x000fec       data     extern C:\MCC18\SRC\TRADIT~1\PROC\p18f4550.asm
                 POSTDEC0   0x000fed       data     extern C:\MCC18\SRC\TRADIT~1\PROC\p18f4550.asm
                 POSTINC0   0x000fee       data     extern C:\MCC18\SRC\TRADIT~1\PROC\p18f4550.asm
                    INDF0   0x000fef       data     extern C:\MCC18\SRC\TRADIT~1\PROC\p18f4550.asm
              INTCON3bits   0x000ff0       data     extern C:\MCC18\SRC\TRADIT~1\PROC\p18f4550.asm
                  INTCON3   0x000ff0       data     extern C:\MCC18\SRC\TRADIT~1\PROC\p18f4550.asm
              INTCON2bits   0x000ff1       data     extern C:\MCC18\SRC\TRADIT~1\PROC\p18f4550.asm
                  INTCON2   0x000ff1       data     extern C:\MCC18\SRC\TRADIT~1\PROC\p18f4550.asm
               INTCONbits   0x000ff2       data     extern C:\MCC18\SRC\TRADIT~1\PROC\p18f4550.asm
                   INTCON   0x000ff2       data     extern C:\MCC18\SRC\TRADIT~1\PROC\p18f4550.asm
                     PROD   0x000ff3       data     extern C:\MCC18\SRC\TRADIT~1\PROC\p18f4550.asm
                    PRODL   0x000ff3       data     extern C:\MCC18\SRC\TRADIT~1\PROC\p18f4550.asm
                    PRODH   0x000ff4       data     extern C:\MCC18\SRC\TRADIT~1\PROC\p18f4550.asm
                   TABLAT   0x000ff5       data     extern C:\MCC18\SRC\TRADIT~1\PROC\p18f4550.asm
                   TBLPTR   0x000ff6       data     extern C:\MCC18\SRC\TRADIT~1\PROC\p18f4550.asm
                  TBLPTRL   0x000ff6       data     extern C:\MCC18\SRC\TRADIT~1\PROC\p18f4550.asm
                  TBLPTRH   0x000ff7       data     extern C:\MCC18\SRC\TRADIT~1\PROC\p18f4550.asm
                  TBLPTRU   0x000ff8       data     extern C:\MCC18\SRC\TRADIT~1\PROC\p18f4550.asm
                      PCL   0x000ff9       data     extern C:\MCC18\SRC\TRADIT~1\PROC\p18f4550.asm
                       PC   0x000ff9       data     extern C:\MCC18\SRC\TRADIT~1\PROC\p18f4550.asm
                   PCLATH   0x000ffa       data     extern C:\MCC18\SRC\TRADIT~1\PROC\p18f4550.asm
                   PCLATU   0x000ffb       data     extern C:\MCC18\SRC\TRADIT~1\PROC\p18f4550.asm
                   STKPTR   0x000ffc       data     extern C:\MCC18\SRC\TRADIT~1\PROC\p18f4550.asm
               STKPTRbits   0x000ffc       data     extern C:\MCC18\SRC\TRADIT~1\PROC\p18f4550.asm
                      TOS   0x000ffd       data     extern C:\MCC18\SRC\TRADIT~1\PROC\p18f4550.asm
                     TOSL   0x000ffd       data     extern C:\MCC18\SRC\TRADIT~1\PROC\p18f4550.asm
                     TOSH   0x000ffe       data     extern C:\MCC18\SRC\TRADIT~1\PROC\p18f4550.asm
                     TOSU   0x000fff       data     extern C:\MCC18\SRC\TRADIT~1\PROC\p18f4550.asm


